Component: ARM Compiler 5.06 update 6 (build 750) Tool: armlink [4d35ed]

==============================================================================

Section Cross References

    main.o(i.CCS881_CO2) refers to ccs811.o(i.CCS811_ReadOneByte) for CCS811_ReadOneByte
    main.o(i.CCS881_CO2) refers to ccs811.o(i.setMode) for setMode
    main.o(i.CCS881_CO2) refers to ccs811.o(i.getData) for getData
    main.o(i.CCS881_CO2) refers to delay.o(i.delay_ms) for delay_ms
    main.o(i.CCS881_CO2) refers to printf8.o(i.__0printf$8) for __2printf
    main.o(i.CCS881_CO2) refers to ccs811.o(i.app_Start) for app_Start
    main.o(i.CCS881_CO2) refers to ccs811.o(i.reset) for reset
    main.o(i.CCS881_CO2) refers to main.o(.data) for st1
    main.o(i.CCS881_CO2) refers to ccs811.o(.bss) for CCS
    main.o(i.Gizwits_Init) refers to timer.o(i.TIM_Init) for TIM_Init
    main.o(i.Gizwits_Init) refers to usart2.o(i.uart2_init) for uart2_init
    main.o(i.Gizwits_Init) refers to memseta.o(.text) for __aeabi_memclr
    main.o(i.Gizwits_Init) refers to gizwits_protocol.o(i.gizwitsInit) for gizwitsInit
    main.o(i.Gizwits_Init) refers to timer.o(i.TIM_Callback_IRQHandler) for TIM_Callback_IRQHandler
    main.o(i.Gizwits_Init) refers to gizwits_product.o(.bss) for currentDataPoint
    main.o(i.M_Init) refers to wm_gpio.o(i.tls_gpio_cfg) for tls_gpio_cfg
    main.o(i.dataCtrl) refers to cfrcmple.o(.text) for __aeabi_cfrcmple
    main.o(i.dataCtrl) refers to cfcmple.o(.text) for __aeabi_cfcmple
    main.o(i.dataCtrl) refers to lcd.o(i.LCD_ShowString) for LCD_ShowString
    main.o(i.dataCtrl) refers to delay.o(i.delay_ms) for delay_ms
    main.o(i.dataCtrl) refers to main.o(.data) for flag
    main.o(i.main) refers to delay.o(i.delay_init) for delay_init
    main.o(i.main) refers to usart.o(i.uart_init) for uart_init
    main.o(i.main) refers to ccs811.o(i.CCS811Init) for CCS811Init
    main.o(i.main) refers to main.o(i.M_Init) for M_Init
    main.o(i.main) refers to led.o(i.LED_Init) for LED_Init
    main.o(i.main) refers to key.o(i.KEY_Init) for KEY_Init
    main.o(i.main) refers to spi.o(i.SPI_Init) for SPI_Init
    main.o(i.main) refers to lcd.o(i.LCD_Init) for LCD_Init
    main.o(i.main) refers to gizwits_product.o(i.userInit) for userInit
    main.o(i.main) refers to main.o(i.Gizwits_Init) for Gizwits_Init
    main.o(i.main) refers to gizwits_protocol.o(i.gizwitsInit) for gizwitsInit
    main.o(i.main) refers to lcd.o(i.Display_image2) for Display_image2
    main.o(i.main) refers to lcd.o(i.Display_image_als) for Display_image_als
    main.o(i.main) refers to lcd.o(i.Display_image_t) for Display_image_t
    main.o(i.main) refers to lcd.o(i.Display_image_h) for Display_image_h
    main.o(i.main) refers to lcd.o(i.LCD_ShowString) for LCD_ShowString
    main.o(i.main) refers to delay.o(i.delay_ms) for delay_ms
    main.o(i.main) refers to lcd.o(i.LCD_Fill) for LCD_Fill
    main.o(i.main) refers to aht10.o(i.AHT10_Init) for AHT10_Init
    main.o(i.main) refers to ap3216c.o(i.AP3216C_Init) for AP3216C_Init
    main.o(i.main) refers to main.o(i.userHandle) for userHandle
    main.o(i.main) refers to gizwits_protocol.o(i.gizwitsHandle) for gizwitsHandle
    main.o(i.main) refers to key.o(i.KEY_Scan) for KEY_Scan
    main.o(i.main) refers to printf8.o(i.__0printf$8) for __2printf
    main.o(i.main) refers to gizwits_protocol.o(i.gizwitsSetMode) for gizwitsSetMode
    main.o(i.main) refers to main.o(i.CCS881_CO2) for CCS881_CO2
    main.o(i.main) refers to lcd.o(.data) for POINT_COLOR
    main.o(i.main) refers to gizwits_product.o(.bss) for currentDataPoint
    main.o(i.main) refers to main.o(.data) for wifi_sta
    main.o(i.userHandle) refers to lcd.o(i.Display_imagewifi1) for Display_imagewifi1
    main.o(i.userHandle) refers to gizwits_protocol.o(i.gizwitsGetNTP) for gizwitsGetNTP
    main.o(i.userHandle) refers to aht10.o(i.AHT10_Read_Temperature) for AHT10_Read_Temperature
    main.o(i.userHandle) refers to aht10.o(i.AHT10_Read_Humidity) for AHT10_Read_Humidity
    main.o(i.userHandle) refers to ap3216c.o(i.AP3216C_ReadData) for AP3216C_ReadData
    main.o(i.userHandle) refers to ds18b20.o(i.DS18B20_Get_Temp) for DS18B20_Get_Temp
    main.o(i.userHandle) refers to main.o(i.CCS881_CO2) for CCS881_CO2
    main.o(i.userHandle) refers to fdiv.o(.text) for __aeabi_fdiv
    main.o(i.userHandle) refers to dflti.o(.text) for __aeabi_i2d
    main.o(i.userHandle) refers to ddiv.o(.text) for __aeabi_ddiv
    main.o(i.userHandle) refers to d2f.o(.text) for __aeabi_d2f
    main.o(i.userHandle) refers to cfcmple.o(.text) for __aeabi_cfcmple
    main.o(i.userHandle) refers to lcd.o(i.LCD_ShowChar) for LCD_ShowChar
    main.o(i.userHandle) refers to lcd.o(i.LCD_ShowNum) for LCD_ShowNum
    main.o(i.userHandle) refers to ffixui.o(.text) for __aeabi_f2uiz
    main.o(i.userHandle) refers to fmul.o(.text) for __aeabi_fmul
    main.o(i.userHandle) refers to lcd.o(i.LCD_ShowString) for LCD_ShowString
[...]
    spi_get_rxfifo                           0x08016271   Thumb Code   300  wm_hostspi.o(i.spi_get_rxfifo)
    i.spi_get_status                         0x080163a0   Section        0  wm_hostspi.o(i.spi_get_status)
    spi_get_status                           0x080163a1   Thumb Code    50  wm_hostspi.o(i.spi_get_status)
    i.spi_message_init                       0x080163d8   Section        0  wm_hostspi.o(i.spi_message_init)
    spi_message_init                         0x080163d9   Thumb Code    22  wm_hostspi.o(i.spi_message_init)
    i.spi_next_message                       0x080163f0   Section        0  wm_hostspi.o(i.spi_next_message)
    spi_next_message                         0x080163f1   Thumb Code    52  wm_hostspi.o(i.spi_next_message)
    i.spi_next_transfer                      0x08016428   Section        0  wm_hostspi.o(i.spi_next_transfer)
    spi_next_transfer                        0x08016429   Thumb Code    28  wm_hostspi.o(i.spi_next_transfer)
    i.spi_set_chipselect_mode                0x08016444   Section        0  wm_hostspi.o(i.spi_set_chipselect_mode)
    spi_set_chipselect_mode                  0x08016445   Thumb Code    42  wm_hostspi.o(i.spi_set_chipselect_mode)
    i.spi_set_endian                         0x08016474   Section        0  wm_hostspi.o(i.spi_set_endian)
    spi_set_endian                           0x08016475   Thumb Code    42  wm_hostspi.o(i.spi_set_endian)
    i.spi_set_mode                           0x080164a4   Section        0  wm_hostspi.o(i.spi_set_mode)
    spi_set_mode                             0x080164a5   Thumb Code    80  wm_hostspi.o(i.spi_set_mode)
    i.spi_set_sclk                           0x080164f8   Section        0  wm_hostspi.o(i.spi_set_sclk)
    spi_set_sclk                             0x080164f9   Thumb Code    48  wm_hostspi.o(i.spi_set_sclk)
    i.spi_start_transfer                     0x08016530   Section        0  wm_hostspi.o(i.spi_start_transfer)
    spi_start_transfer                       0x08016531   Thumb Code   126  wm_hostspi.o(i.spi_start_transfer)
    i.spi_wait_idle                          0x080165bc   Section        0  wm_hostspi.o(i.spi_wait_idle)
    spi_wait_idle                            0x080165bd   Thumb Code    34  wm_hostspi.o(i.spi_wait_idle)
    i.timer_clear_irq                        0x080165e4   Section        0  wm_timer.o(i.timer_clear_irq)
    timer_clear_irq                          0x080165e5   Thumb Code    34  wm_timer.o(i.timer_clear_irq)
    i.timer_irq_callback                     0x0801660c   Section        0  wm_timer.o(i.timer_irq_callback)
    timer_irq_callback                       0x0801660d   Thumb Code    38  wm_timer.o(i.timer_irq_callback)
    i.tls_bitband_write                      0x08016638   Section        0  wm_gpio_afsel.o(i.tls_bitband_write)
    tls_bitband_write                        0x08016639   Thumb Code    28  wm_gpio_afsel.o(i.tls_bitband_write)
    i.tls_delay_via_timer                    0x08016654   Section        0  wm_timer.o(i.tls_delay_via_timer)
    i.tls_dma_free                           0x080166e8   Section        0  wm_dma.o(i.tls_dma_free)
    i.tls_dma_init                           0x08016740   Section        0  wm_dma.o(i.tls_dma_init)
    i.tls_dma_irq_clr                        0x08016754   Section        0  wm_dma.o(i.tls_dma_irq_clr)
    i.tls_dma_request                        0x08016774   Section        0  wm_dma.o(i.tls_dma_request)
    i.tls_dma_start                          0x08016810   Section        0  wm_dma.o(i.tls_dma_start)
    i.tls_dma_stop                           0x08016870   Section        0  wm_dma.o(i.tls_dma_stop)
    i.tls_dma_wait_complt                    0x080168bc   Section        0  wm_dma.o(i.tls_dma_wait_complt)
    i.tls_gpio_cfg                           0x080168f4   Section        0  wm_gpio.o(i.tls_gpio_cfg)
    i.tls_io_cfg_set                         0x080169ac   Section        0  wm_io.o(i.tls_io_cfg_set)
    i.tls_irq_disable                        0x080169fa   Section        0  wm_irq.o(i.tls_irq_disable)
    i.tls_irq_enable                         0x08016a08   Section        0  wm_irq.o(i.tls_irq_enable)
    i.tls_pmu_clk_select                     0x08016a30   Section        0  wm_pmu.o(i.tls_pmu_clk_select)
    i.tls_reg_read32                         0x08016a5c   Section        0  usart.o(i.tls_reg_read32)
    tls_reg_read32                           0x08016a5d   Thumb Code     6  usart.o(i.tls_reg_read32)
    i.tls_reg_read32                         0x08016a62   Section        0  wm_gpio.o(i.tls_reg_read32)
    tls_reg_read32                           0x08016a63   Thumb Code     6  wm_gpio.o(i.tls_reg_read32)
    i.tls_reg_read32                         0x08016a68   Section        0  wm_cpu.o(i.tls_reg_read32)
    tls_reg_read32                           0x08016a69   Thumb Code     6  wm_cpu.o(i.tls_reg_read32)
    i.tls_reg_read32                         0x08016a6e   Section        0  wm_io.o(i.tls_reg_read32)
    tls_reg_read32                           0x08016a6f   Thumb Code     6  wm_io.o(i.tls_reg_read32)
    i.tls_reg_read32                         0x08016a74   Section        0  wm_pmu.o(i.tls_reg_read32)
    tls_reg_read32                           0x08016a75   Thumb Code     6  wm_pmu.o(i.tls_reg_read32)
    i.tls_reg_read32                         0x08016a7a   Section        0  wm_timer.o(i.tls_reg_read32)
    tls_reg_read32                           0x08016a7b   Thumb Code     6  wm_timer.o(i.tls_reg_read32)
    i.tls_reg_read32                         0x08016a80   Section        0  wm_hostspi.o(i.tls_reg_read32)
    tls_reg_read32                           0x08016a81   Thumb Code     6  wm_hostspi.o(i.tls_reg_read32)
    i.tls_reg_read32                         0x08016a86   Section        0  wm_dma.o(i.tls_reg_read32)
    tls_reg_read32                           0x08016a87   Thumb Code     6  wm_dma.o(i.tls_reg_read32)
    i.tls_reg_read32                         0x08016a8c   Section        0  wm_rtc.o(i.tls_reg_read32)
    tls_reg_read32                           0x08016a8d   Thumb Code     6  wm_rtc.o(i.tls_reg_read32)
    i.tls_reg_read32                         0x08016a92   Section        0  usart2.o(i.tls_reg_read32)
    tls_reg_read32                           0x08016a93   Thumb Code     6  usart2.o(i.tls_reg_read32)
    i.tls_reg_read32                         0x08016a98   Section        0  gizwits_product.o(i.tls_reg_read32)
    tls_reg_read32                           0x08016a99   Thumb Code     6  gizwits_product.o(i.tls_reg_read32)
    i.tls_reg_write32                        0x08016a9e   Section        0  usart.o(i.tls_reg_write32)
    tls_reg_write32                          0x08016a9f   Thumb Code     4  usart.o(i.tls_reg_write32)
    i.tls_reg_write32                        0x08016aa2   Section        0  wm_gpio.o(i.tls_reg_write32)
    tls_reg_write32                          0x08016aa3   Thumb Code     4  wm_gpio.o(i.tls_reg_write32)
    i.tls_reg_write32                        0x08016aa6   Section        0  wm_io.o(i.tls_reg_write32)
    tls_reg_write32                          0x08016aa7   Thumb Code     4  wm_io.o(i.tls_reg_write32)
    i.tls_reg_write32                        0x08016aaa   Section        0  wm_pmu.o(i.tls_reg_write32)
    tls_reg_write32                          0x08016aab   Thumb Code     4  wm_pmu.o(i.tls_reg_write32)
    i.tls_reg_write32                        0x08016aae   Section        0  wm_timer.o(i.tls_reg_write32)
    tls_reg_write32                          0x08016aaf   Thumb Code     4  wm_timer.o(i.tls_reg_write32)
    i.tls_reg_write32                        0x08016ab2   Section        0  wm_gpio_afsel.o(i.tls_reg_write32)
    tls_reg_write32                          0x08016ab3   Thumb Code     4  wm_gpio_afsel.o(i.tls_reg_write32)
    i.tls_reg_write32                        0x08016ab6   Section        0  wm_hostspi.o(i.tls_reg_write32)
    tls_reg_write32                          0x08016ab7   Thumb Code     4  wm_hostspi.o(i.tls_reg_write32)
    i.tls_reg_write32                        0x08016aba   Section        0  wm_dma.o(i.tls_reg_write32)
    tls_reg_write32                          0x08016abb   Thumb Code     4  wm_dma.o(i.tls_reg_write32)
    i.tls_reg_write32                        0x08016abe   Section        0  wm_rtc.o(i.tls_reg_write32)
    tls_reg_write32                          0x08016abf   Thumb Code     4  wm_rtc.o(i.tls_reg_write32)
    i.tls_reg_write32                        0x08016ac2   Section        0  usart2.o(i.tls_reg_write32)
    tls_reg_write32                          0x08016ac3   Thumb Code     4  usart2.o(i.tls_reg_write32)
    i.tls_reg_write32                        0x08016ac6   Section        0  gizwits_product.o(i.tls_reg_write32)
    tls_reg_write32                          0x08016ac7   Thumb Code     4  gizwits_product.o(i.tls_reg_write32)
    i.tls_spi_init                           0x08016acc   Section        0  wm_hostspi.o(i.tls_spi_init)
    i.tls_spi_setup                          0x08016bfc   Section        0  wm_hostspi.o(i.tls_spi_setup)
    i.tls_spi_sync                           0x08016cb0   Section        0  wm_hostspi.o(i.tls_spi_sync)
    tls_spi_sync                             0x08016cb1   Thumb Code    26  wm_hostspi.o(i.tls_spi_sync)
    i.tls_spi_trans_type                     0x08016cd0   Section        0  wm_hostspi.o(i.tls_spi_trans_type)
    i.tls_spi_write                          0x08016d0c   Section        0  wm_hostspi.o(i.tls_spi_write)
    i.tls_sys_clk_get                        0x08016dec   Section        0  wm_cpu.o(i.tls_sys_clk_get)
    i.tls_sys_clk_set                        0x08016e20   Section        0  wm_cpu.o(i.tls_sys_clk_set)
    i.tls_timer_create                       0x08016e68   Section        0  wm_timer.o(i.tls_timer_create)
    i.tls_timer_start                        0x08016f4c   Section        0  wm_timer.o(i.tls_timer_start)
    i.uart2_init                             0x08016f94   Section        0  usart2.o(i.uart2_init)
    i.uartWrite                              0x08017044   Section        0  gizwits_product.o(i.uartWrite)
    i.uart_init                              0x080170a4   Section        0  usart.o(i.uart_init)
    i.userHandle                             0x08017150   Section        0  main.o(i.userHandle)
    i.userInit                               0x080173e8   Section        0  gizwits_product.o(i.userInit)
    i.wm_gpio_af_disable                     0x08017410   Section        0  wm_gpio_afsel.o(i.wm_gpio_af_disable)
    i.wm_spi_ck_config                       0x0801742c   Section        0  wm_gpio_afsel.o(i.wm_spi_ck_config)
    i.wm_spi_di_config                       0x08017470   Section        0  wm_gpio_afsel.o(i.wm_spi_di_config)
    i.wm_spi_do_config                       0x080174c6   Section        0  wm_gpio_afsel.o(i.wm_spi_do_config)
    i.wm_uart0_rx_config                     0x0801751c   Section        0  wm_gpio_afsel.o(i.wm_uart0_rx_config)
    i.wm_uart0_tx_config                     0x08017590   Section        0  wm_gpio_afsel.o(i.wm_uart0_tx_config)
    i.wm_uart2_rx_config                     0x080175d4   Section        0  wm_gpio_afsel.o(i.wm_uart2_rx_config)
    i.wm_uart2_tx_scio_config                0x08017664   Section        0  wm_gpio_afsel.o(i.wm_uart2_tx_scio_config)
    .constdata                               0x080176a8   Section    171356  lcd.o(.constdata)
    .data                                    0x20000000   Section       22  main.o(.data)
    t                                        0x20000009   Data           1  main.o(.data)
    tt                                       0x2000000a   Data           1  main.o(.data)
    fl                                       0x2000000b   Data           1  main.o(.data)
    temperature                              0x2000000c   Data           4  main.o(.data)
    humidity                                 0x20000010   Data           4  main.o(.data)
    temps                                    0x20000014   Data           2  main.o(.data)
    .data                                    0x20000018   Section        8  delay.o(.data)
    fac_us                                   0x20000018   Data           1  delay.o(.data)
    fac_ms                                   0x2000001c   Data           4  delay.o(.data)
    .data                                    0x20000020   Section        6  usart.o(.data)
    .data                                    0x20000028   Section       32  wm_pmu.o(.data)
    pmu_timer1_context                       0x20000028   Data           8  wm_pmu.o(.data)
    pmu_timer0_context                       0x20000030   Data           8  wm_pmu.o(.data)
    pmu_gpio_wake_context                    0x20000038   Data           8  wm_pmu.o(.data)
    pmu_sdio_wake_context                    0x20000040   Data           8  wm_pmu.o(.data)
    .data                                    0x20000048   Section        1  wm_timer.o(.data)
    wm_timer_bitmap                          0x20000048   Data           1  wm_timer.o(.data)
    .data                                    0x2000004c   Section        4  wm_pwm.o(.data)
    pwm_callback                             0x2000004c   Data           4  wm_pwm.o(.data)
    .data                                    0x20000050   Section        4  wm_hostspi.o(.data)
    spi_port                                 0x20000050   Data           4  wm_hostspi.o(.data)
    .data                                    0x20000054   Section        8  wm_dma.o(.data)
    channels                                 0x20000054   Data           8  wm_dma.o(.data)
    .data                                    0x2000005c   Section        8  wm_rtc.o(.data)
    rtc_context                              0x2000005c   Data           8  wm_rtc.o(.data)
    .data                                    0x20000064   Section        1  key.o(.data)
    key_up                                   0x20000064   Data           1  key.o(.data)
    .data                                    0x20000066   Section        4  lcd.o(.data)
    .data                                    0x2000006a   Section        1  wdt.o(.data)
    flag_wdt                                 0x2000006a   Data           1  wdt.o(.data)
    .data                                    0x2000006b   Section        1  timer.o(.data)
    timer_id                                 0x2000006b   Data           1  timer.o(.data)
    .data                                    0x2000006c   Section        2  usart2.o(.data)
    .data                                    0x20000070   Section        7  gizwits_product.o(.data)
    timerMsCount                             0x20000070   Data           4  gizwits_product.o(.data)
    .data                                    0x20000078   Section       16  gizwits_protocol.o(.data)
    lastReportTime                           0x20000078   Data           4  gizwits_protocol.o(.data)
    lastRepTime                              0x2000007c   Data           4  gizwits_protocol.o(.data)
    protocolFlag                             0x20000080   Data           1  gizwits_protocol.o(.data)
    protocolCount                            0x20000082   Data           2  gizwits_protocol.o(.data)
    lastData                                 0x20000084   Data           1  gizwits_protocol.o(.data)
    debugCount                               0x20000085   Data           1  gizwits_protocol.o(.data)
    lastStatus                               0x20000086   Data           2  gizwits_protocol.o(.data)
    .bss                                     0x20000088   Section      200  usart.o(.bss)
    .bss                                     0x20000150   Section     4096  startup.o(.bss)
    .bss                                     0x20001150   Section      376  wm_gpio.o(.bss)
    gpio_context                             0x20001150   Data         376  wm_gpio.o(.bss)
    .bss                                     0x200012c8   Section       48  wm_timer.o(.bss)
    timer_context                            0x200012c8   Data          48  wm_timer.o(.bss)
    .bss                                     0x200012f8   Section       36  wm_hostspi.o(.bss)
    spi_buf                                  0x200012f8   Data          36  wm_hostspi.o(.bss)
    .bss                                     0x2000131c   Section      160  wm_dma.o(.bss)
    dma_context                              0x2000131c   Data         160  wm_dma.o(.bss)
    .bss                                     0x200013bc   Section     1152  lcd.o(.bss)
    lcd_buf                                  0x200013bc   Data        1152  lcd.o(.bss)
    .bss                                     0x2000183c   Section      200  usart2.o(.bss)
    .bss                                     0x20001904   Section       10  ccs811.o(.bss)
    .bss                                     0x2000190e   Section      124  gizwits_product.o(.bss)
    .bss                                     0x2000198a   Section      410  gizwits_protocol.o(.bss)
    rbBuf                                    0x20001ae4   Data          64  gizwits_protocol.o(.bss)

    Global Symbols

    Symbol Name                              Value     Ov Type        Size  Object(Section)

    BuildAttributes$$THM_ISAv4$P$D$K$B$S$PE$A:L22UL41UL21$X:L11$S22US41US21$IEEE1$IW$USESV6$~STKCKD$USESV7$~SHL$OTIME$ROPI$EBA8$MICROLIB$REQ8$PRES8$EABIv2 0x00000000   Number         0  anon$$obj.o ABSOLUTE
    __ARM_use_no_argv                        0x00000000   Number         0  main.o ABSOLUTE
    __use_no_errno                           0x00000000   Number         0  useno.o ABSOLUTE
    __use_no_exception_handling              0x00000000   Number         0  useno.o ABSOLUTE
    __use_no_fp                              0x00000000   Number         0  useno.o ABSOLUTE
    __use_no_heap                            0x00000000   Number         0  useno.o ABSOLUTE
    __use_no_heap_region                     0x00000000   Number         0  useno.o ABSOLUTE
    __use_no_semihosting                     0x00000000   Number         0  useno.o ABSOLUTE
    __use_no_semihosting_swi                 0x00000000   Number         0  useno.o ABSOLUTE
    __use_no_signal_handling                 0x00000000   Number         0  useno.o ABSOLUTE
    _printf_a                                0x00000000   Number         0  stubs.o ABSOLUTE
    _printf_c                                0x00000000   Number         0  stubs.o ABSOLUTE
    _printf_charcount                        0x00000000   Number         0  stubs.o ABSOLUTE
    _printf_d                                0x00000000   Number         0  stubs.o ABSOLUTE
    _printf_e                                0x00000000   Number         0  stubs.o ABSOLUTE
    _printf_f                                0x00000000   Number         0  stubs.o ABSOLUTE
    _printf_flags                            0x00000000   Number         0  stubs.o ABSOLUTE
    _printf_fp_dec                           0x00000000   Number         0  stubs.o ABSOLUTE
    _printf_fp_hex                           0x00000000   Number         0  stubs.o ABSOLUTE
    _printf_g                                0x00000000   Number         0  stubs.o ABSOLUTE
    _printf_i                                0x00000000   Number         0  stubs.o ABSOLUTE
    _printf_int_dec                          0x00000000   Number         0  stubs.o ABSOLUTE
    _printf_l                                0x00000000   Number         0  stubs.o ABSOLUTE
    _printf_lc                               0x00000000   Number         0  stubs.o ABSOLUTE
    _printf_ll                               0x00000000   Number         0  stubs.o ABSOLUTE
    _printf_lld                              0x00000000   Number         0  stubs.o ABSOLUTE
    _printf_lli                              0x00000000   Number         0  stubs.o ABSOLUTE
    _printf_llo                              0x00000000   Number         0  stubs.o ABSOLUTE
    _printf_llu                              0x00000000   Number         0  stubs.o ABSOLUTE
    _printf_llx                              0x00000000   Number         0  stubs.o ABSOLUTE
    _printf_longlong_dec                     0x00000000   Number         0  stubs.o ABSOLUTE
    _printf_longlong_hex                     0x00000000   Number         0  stubs.o ABSOLUTE
    _printf_longlong_oct                     0x00000000   Number         0  stubs.o ABSOLUTE
    _printf_ls                               0x00000000   Number         0  stubs.o ABSOLUTE
    _printf_mbtowc                           0x00000000   Number         0  stubs.o ABSOLUTE
    _printf_n                                0x00000000   Number         0  stubs.o ABSOLUTE
    _printf_o                                0x00000000   Number         0  stubs.o ABSOLUTE
    _printf_p                                0x00000000   Number         0  stubs.o ABSOLUTE
    _printf_percent                          0x00000000   Number         0  stubs.o ABSOLUTE
    _printf_pre_padding                      0x00000000   Number         0  stubs.o ABSOLUTE
    _printf_return_value                     0x00000000   Number         0  stubs.o ABSOLUTE
    _printf_s                                0x00000000   Number         0  stubs.o ABSOLUTE
    _printf_sizespec                         0x00000000   Number         0  stubs.o ABSOLUTE
    _printf_str                              0x00000000   Number         0  stubs.o ABSOLUTE
    _printf_truncate_signed                  0x00000000   Number         0  stubs.o ABSOLUTE
    _printf_truncate_unsigned                0x00000000   Number         0  stubs.o ABSOLUTE
    _printf_u                                0x00000000   Number         0  stubs.o ABSOLUTE
    _printf_wc                               0x00000000   Number         0  stubs.o ABSOLUTE
    _printf_wctomb                           0x00000000   Number         0  stubs.o ABSOLUTE
    _printf_widthprec                        0x00000000   Number         0  stubs.o ABSOLUTE
    _printf_x                                0x00000000   Number         0  stubs.o ABSOLUTE
    __cpp_initialize__aeabi_                  - Undefined Weak Reference
    __cxa_finalize                            - Undefined Weak Reference
    __decompress                              - Undefined Weak Reference
    _clock_init                               - Undefined Weak Reference
    _microlib_exit                            - Undefined Weak Reference
    __Vectors_Size                           0x000000ec   Number         0  startup.o ABSOLUTE
    __Vectors                                0x08010100   Data           4  startup.o(RESET)
    __Vectors_End                            0x080101ec   Data           0  startup.o(RESET)
    __main                                   0x080101ed   Thumb Code     0  entry.o(.ARM.Collect$$$$00000000)
    _main_stk                                0x080101ed   Thumb Code     0  entry2.o(.ARM.Collect$$$$00000001)
    _main_scatterload                        0x080101f1   Thumb Code     0  entry5.o(.ARM.Collect$$$$00000004)
    __main_after_scatterload                 0x080101f5   Thumb Code     0  entry5.o(.ARM.Collect$$$$00000004)
    _main_clock                              0x080101f5   Thumb Code     0  entry7b.o(.ARM.Collect$$$$00000008)
    _main_cpp_init                           0x080101f5   Thumb Code     0  entry8b.o(.ARM.Collect$$$$0000000A)
    _main_init                               0x080101f5   Thumb Code     0  entry9a.o(.ARM.Collect$$$$0000000B)
    __rt_final_cpp                           0x080101fd   Thumb Code     0  entry10a.o(.ARM.Collect$$$$0000000D)
    __rt_final_exit                          0x080101fd   Thumb Code     0  entry11a.o(.ARM.Collect$$$$0000000F)
    Reset_Handler                            0x08010201   Thumb Code    16  startup.o(.text)
    NMI_Handler                              0x08010211   Thumb Code     2  startup.o(.text)
    HardFault_Handler                        0x08010213   Thumb Code     2  startup.o(.text)
    MemManage_Handler                        0x08010215   Thumb Code     2  startup.o(.text)
    BusFault_Handler                         0x08010217   Thumb Code     2  startup.o(.text)
    UsageFault_Handler                       0x08010219   Thumb Code     2  startup.o(.text)
    SVC_Handler                              0x0801021b   Thumb Code     2  startup.o(.text)
    DebugMon_Handler                         0x0801021d   Thumb Code     2  startup.o(.text)
    OS_CPU_SysTickHandler                    0x0801021f   Thumb Code     2  startup.o(.text)
    ADC_IRQHandler                           0x08010221   Thumb Code     0  startup.o(.text)
    CRYPTION_IRQHandler                      0x08010221   Thumb Code     0  startup.o(.text)
    DMA_BRUST_IRQHandler                     0x08010221   Thumb Code     0  startup.o(.text)
    FLASH_IRQHandler                         0x08010221   Thumb Code     0  startup.o(.text)
    I2C_IRQHandler                           0x08010221   Thumb Code     0  startup.o(.text)
    I2S_IRQHandler                           0x08010221   Thumb Code     0  startup.o(.text)
    PMU_6IRQHandler                          0x08010221   Thumb Code     0  startup.o(.text)
    PMU_IRQHandler                           0x08010221   Thumb Code     0  startup.o(.text)
    RSA_IRQHandler                           0x08010221   Thumb Code     0  startup.o(.text)
    RSV_IRQHandler                           0x08010221   Thumb Code     0  startup.o(.text)
    SDIO_RX_CMD_IRQHandler                   0x08010221   Thumb Code     0  startup.o(.text)
    SDIO_RX_IRQHandler                       0x08010221   Thumb Code     0  startup.o(.text)
    SDIO_TX_CMD_IRQHandler                   0x08010221   Thumb Code     0  startup.o(.text)
    SDIO_TX_IRQHandler                       0x08010221   Thumb Code     0  startup.o(.text)
    SPI_HS_IRQHandler                        0x08010221   Thumb Code     0  startup.o(.text)
    __aeabi_memcpy                           0x0801022d   Thumb Code    36  memcpya.o(.text)
    __aeabi_memcpy4                          0x0801022d   Thumb Code     0  memcpya.o(.text)
    __aeabi_memcpy8                          0x0801022d   Thumb Code     0  memcpya.o(.text)
    __aeabi_memset                           0x08010251   Thumb Code    14  memseta.o(.text)
    __aeabi_memset4                          0x08010251   Thumb Code     0  memseta.o(.text)
    __aeabi_memset8                          0x08010251   Thumb Code     0  memseta.o(.text)
    __aeabi_memclr                           0x0801025f   Thumb Code     4  memseta.o(.text)
    __aeabi_memclr4                          0x0801025f   Thumb Code     0  memseta.o(.text)
    __aeabi_memclr8                          0x0801025f   Thumb Code     0  memseta.o(.text)
    _memset$wrapper                          0x08010263   Thumb Code    18  memseta.o(.text)
    __aeabi_fadd                             0x08010275   Thumb Code   164  fadd.o(.text)
    __aeabi_fsub                             0x08010319   Thumb Code     6  fadd.o(.text)
    __aeabi_frsub                            0x0801031f   Thumb Code     6  fadd.o(.text)
    __aeabi_fmul                             0x08010325   Thumb Code   100  fmul.o(.text)
    __aeabi_fdiv                             0x08010389   Thumb Code   124  fdiv.o(.text)
    __aeabi_dadd                             0x08010405   Thumb Code   322  dadd.o(.text)
    __aeabi_dsub                             0x08010547   Thumb Code     6  dadd.o(.text)
    __aeabi_drsub                            0x0801054d   Thumb Code     6  dadd.o(.text)
    __aeabi_dmul                             0x08010553   Thumb Code   228  dmul.o(.text)
    __aeabi_ddiv                             0x08010637   Thumb Code   222  ddiv.o(.text)
    __aeabi_i2f                              0x08010715   Thumb Code    18  fflti.o(.text)
    __aeabi_i2d                              0x08010727   Thumb Code    34  dflti.o(.text)
    __aeabi_f2uiz                            0x08010749   Thumb Code    40  ffixui.o(.text)
    __aeabi_d2iz                             0x08010771   Thumb Code    62  dfixi.o(.text)
    __aeabi_f2d                              0x080107af   Thumb Code    38  f2d.o(.text)
    __aeabi_d2f                              0x080107d5   Thumb Code    56  d2f.o(.text)
    __aeabi_cfcmpeq                          0x0801080d   Thumb Code     0  cfcmple.o(.text)
    __aeabi_cfcmple                          0x0801080d   Thumb Code    20  cfcmple.o(.text)
    __aeabi_cfrcmple                         0x08010821   Thumb Code    20  cfrcmple.o(.text)
    __aeabi_uldivmod                         0x08010835   Thumb Code    98  uldiv.o(.text)
    __aeabi_llsl                             0x08010897   Thumb Code    30  llshl.o(.text)
    _ll_shift_l                              0x08010897   Thumb Code     0  llshl.o(.text)
    __aeabi_llsr                             0x080108b5   Thumb Code    32  llushr.o(.text)
    _ll_ushift_r                             0x080108b5   Thumb Code     0  llushr.o(.text)
    __aeabi_lasr                             0x080108d5   Thumb Code    36  llsshr.o(.text)
    _ll_sshift_r                             0x080108d5   Thumb Code     0  llsshr.o(.text)
    __I$use$fp                               0x080108f9   Thumb Code     0  iusefp.o(.text)
    _float_round                             0x080108f9   Thumb Code    18  fepilogue.o(.text)
    _float_epilogue                          0x0801090b   Thumb Code    92  fepilogue.o(.text)
    _double_round                            0x08010967   Thumb Code    30  depilogue.o(.text)
    _double_epilogue                         0x08010985   Thumb Code   156  depilogue.o(.text)
    __scatterload                            0x08010a21   Thumb Code    28  init.o(.text)
    __scatterload_rt2                        0x08010a21   Thumb Code     0  init.o(.text)
    AHT10_Init                               0x08010a45   Thumb Code    88  aht10.o(i.AHT10_Init)
    AHT10_ReadOneByte                        0x08010a9d   Thumb Code    44  aht10.o(i.AHT10_ReadOneByte)
    AHT10_Read_Data                          0x08010ac9   Thumb Code    74  aht10.o(i.AHT10_Read_Data)
    AHT10_Read_Humidity                      0x08010b15   Thumb Code   134  aht10.o(i.AHT10_Read_Humidity)
    AHT10_Read_Temperature                   0x08010bcd   Thumb Code   148  aht10.o(i.AHT10_Read_Temperature)
    AHT10_Write_Data                         0x08010c6d   Thumb Code    76  aht10.o(i.AHT10_Write_Data)
    AP3216C_Init                             0x08010cb9   Thumb Code    50  ap3216c.o(i.AP3216C_Init)
    AP3216C_ReadData                         0x08010ceb   Thumb Code   118  ap3216c.o(i.AP3216C_ReadData)
    AP3216C_ReadOneByte                      0x08010d61   Thumb Code    58  ap3216c.o(i.AP3216C_ReadOneByte)
    AP3216C_WriteOneByte                     0x08010d9b   Thumb Code    68  ap3216c.o(i.AP3216C_WriteOneByte)
    CCS811Init                               0x08010ddf   Thumb Code    28  ccs811.o(i.CCS811Init)
    CCS811_ReadOneByte                       0x08010dfd   Thumb Code   108  ccs811.o(i.CCS811_ReadOneByte)
    CCS811_WriteOneByte                      0x08010e6d   Thumb Code    64  ccs811.o(i.CCS811_WriteOneByte)
    CCS881_CO2                               0x08010eb1   Thumb Code   146  main.o(i.CCS881_CO2)
    DMA_Channel0_IRQHandler                  0x08010fb1   Thumb Code    10  wm_dma.o(i.DMA_Channel0_IRQHandler)
    DMA_Channel1_IRQHandler                  0x08010fbb   Thumb Code    10  wm_dma.o(i.DMA_Channel1_IRQHandler)
    DMA_Channel2_IRQHandler                  0x08010fc5   Thumb Code    10  wm_dma.o(i.DMA_Channel2_IRQHandler)
    DMA_Channel3_IRQHandler                  0x08010fcf   Thumb Code    10  wm_dma.o(i.DMA_Channel3_IRQHandler)
    DMA_Channel4_7_IRQHandler                0x08010fd9   Thumb Code    10  wm_dma.o(i.DMA_Channel4_7_IRQHandler)
    DS18B20_Check                            0x08010fe5   Thumb Code    80  ds18b20.o(i.DS18B20_Check)
    DS18B20_Get_Temp                         0x08011039   Thumb Code   138  ds18b20.o(i.DS18B20_Get_Temp)
    DS18B20_Read_Bit                         0x080110c9   Thumb Code    68  ds18b20.o(i.DS18B20_Read_Bit)
    DS18B20_Read_Byte                        0x08011111   Thumb Code    34  ds18b20.o(i.DS18B20_Read_Byte)
    DS18B20_Rst                              0x08011135   Thumb Code    40  ds18b20.o(i.DS18B20_Rst)
    DS18B20_Start                            0x08011161   Thumb Code    24  ds18b20.o(i.DS18B20_Start)
    DS18B20_Write_Byte                       0x08011179   Thumb Code    86  ds18b20.o(i.DS18B20_Write_Byte)
    Display_image2                           0x080111d5   Thumb Code    24  lcd.o(i.Display_image2)
    Display_image_als                        0x080111f1   Thumb Code    24  lcd.o(i.Display_image_als)
    Display_image_h                          0x0801120d   Thumb Code    24  lcd.o(i.Display_image_h)
    Display_image_t                          0x08011229   Thumb Code    24  lcd.o(i.Display_image_t)
    Display_imagewifi1                       0x08011245   Thumb Code    24  lcd.o(i.Display_imagewifi1)
    Display_imagewifi2                       0x08011261   Thumb Code    24  lcd.o(i.Display_imagewifi2)
    GPIOA_IRQHandler                         0x0801127d   Thumb Code    70  wm_gpio.o(i.GPIOA_IRQHandler)
    GPIOB_IRQHandler                         0x080112cd   Thumb Code    76  wm_gpio.o(i.GPIOB_IRQHandler)
    Gizwits_Init                             0x08011321   Thumb Code    32  main.o(i.Gizwits_Init)
    IIC2_Ack                                 0x08011349   Thumb Code    46  myiic2.o(i.IIC2_Ack)
    IIC2_Delay                               0x0801137d   Thumb Code    10  myiic2.o(i.IIC2_Delay)
    IIC2_Init                                0x08011387   Thumb Code    24  myiic2.o(i.IIC2_Init)
    IIC2_NAck                                0x080113a1   Thumb Code    46  myiic2.o(i.IIC2_NAck)
    IIC2_Read_Byte                           0x080113d5   Thumb Code    78  myiic2.o(i.IIC2_Read_Byte)
    IIC2_Send_Byte                           0x08011429   Thumb Code    62  myiic2.o(i.IIC2_Send_Byte)
    IIC2_Start                               0x0801146d   Thumb Code    42  myiic2.o(i.IIC2_Start)
    IIC2_Stop                                0x0801149d   Thumb Code    44  myiic2.o(i.IIC2_Stop)
    IIC2_Wait_Ack                            0x080114cd   Thumb Code    70  myiic2.o(i.IIC2_Wait_Ack)
    IIC3_Ack                                 0x08011519   Thumb Code    50  ccs811iic.o(i.IIC3_Ack)
    IIC3_Init                                0x08011551   Thumb Code    24  ccs811iic.o(i.IIC3_Init)
    IIC3_NAck                                0x08011569   Thumb Code    50  ccs811iic.o(i.IIC3_NAck)
    IIC3_Read_Byte                           0x080115a1   Thumb Code    82  ccs811iic.o(i.IIC3_Read_Byte)
    IIC3_Send_Byte                           0x080115f9   Thumb Code    86  ccs811iic.o(i.IIC3_Send_Byte)
    IIC3_Start                               0x08011655   Thumb Code    48  ccs811iic.o(i.IIC3_Start)
    IIC3_Stop                                0x08011689   Thumb Code    42  ccs811iic.o(i.IIC3_Stop)
    IIC3_Wait_Ack                            0x080116b9   Thumb Code    68  ccs811iic.o(i.IIC3_Wait_Ack)
    IIC_Ack                                  0x08011701   Thumb Code    46  myiic.o(i.IIC_Ack)
    IIC_Delay                                0x08011735   Thumb Code    12  myiic.o(i.IIC_Delay)
    IIC_Init                                 0x08011741   Thumb Code    24  myiic.o(i.IIC_Init)
    IIC_NAck                                 0x08011759   Thumb Code    46  myiic.o(i.IIC_NAck)
    IIC_Read_Byte                            0x0801178d   Thumb Code    78  myiic.o(i.IIC_Read_Byte)
    IIC_Send_Byte                            0x080117e1   Thumb Code    62  myiic.o(i.IIC_Send_Byte)
    IIC_Start                                0x08011825   Thumb Code    42  myiic.o(i.IIC_Start)
    IIC_Stop                                 0x08011855   Thumb Code    44  myiic.o(i.IIC_Stop)
    IIC_Wait_Ack                             0x08011885   Thumb Code    70  myiic.o(i.IIC_Wait_Ack)
    KEY_Init                                 0x080118d1   Thumb Code    34  key.o(i.KEY_Init)
    KEY_Scan                                 0x080118f5   Thumb Code   114  key.o(i.KEY_Scan)
    LCD_Address_Set                          0x08011971   Thumb Code    82  lcd.o(i.LCD_Address_Set)
    LCD_Clear                                0x080119c5   Thumb Code   100  lcd.o(i.LCD_Clear)
    LCD_Fill                                 0x08011a31   Thumb Code   140  lcd.o(i.LCD_Fill)
    LCD_Init                                 0x08011b0d   Thumb Code   406  lcd.o(i.LCD_Init)
    LCD_ShowChar                             0x08011ce1   Thumb Code   502  lcd.o(i.LCD_ShowChar)
    LCD_ShowNum                              0x08011ef1   Thumb Code   136  lcd.o(i.LCD_ShowNum)
    LCD_ShowString                           0x08011f79   Thumb Code    98  lcd.o(i.LCD_ShowString)
    LCD_Show_Image                           0x08011fdd   Thumb Code    74  lcd.o(i.LCD_Show_Image)
    LCD_Write_HalfWord                       0x0801205d   Thumb Code    36  lcd.o(i.LCD_Write_HalfWord)
    LED_Init                                 0x08012085   Thumb Code    44  led.o(i.LED_Init)
    M_Init                                   0x080120b5   Thumb Code    32  main.o(i.M_Init)
    NVIC_Configration                        0x080120d9   Thumb Code    36  misc.o(i.NVIC_Configration)
    NVIC_Init                                0x080120fd   Thumb Code   100  misc.o(i.NVIC_Init)
    NVIC_PriorityGroupConfig                 0x0801216d   Thumb Code    10  misc.o(i.NVIC_PriorityGroupConfig)
    NVIC_SystemLPConfig                      0x08012181   Thumb Code    26  misc.o(i.NVIC_SystemLPConfig)
    PMU_GPIO_WAKE_IRQHandler                 0x080121a1   Thumb Code    48  wm_pmu.o(i.PMU_GPIO_WAKE_IRQHandler)
    PMU_RTC_IRQHandler                       0x080121d9   Thumb Code    38  wm_rtc.o(i.PMU_RTC_IRQHandler)
    PMU_SDIO_WAKE_IRQHandler                 0x08012209   Thumb Code    48  wm_pmu.o(i.PMU_SDIO_WAKE_IRQHandler)
    PMU_TIMER0_IRQHandler                    0x08012241   Thumb Code    70  wm_pmu.o(i.PMU_TIMER0_IRQHandler)
    PMU_TIMER1_IRQHandler                    0x08012291   Thumb Code    48  wm_pmu.o(i.PMU_TIMER1_IRQHandler)
    PWM_IRQHandler                           0x080122c9   Thumb Code    16  wm_pwm.o(i.PWM_IRQHandler)
    SPI_Init                                 0x080122dd   Thumb Code    42  spi.o(i.SPI_Init)
    SPI_LS_IRQHandler                        0x0801230d   Thumb Code    78  wm_hostspi.o(i.SPI_LS_IRQHandler)
    SPI_WriteByte                            0x08012361   Thumb Code    74  spi.o(i.SPI_WriteByte)
    SysTick_CLKSourceConfig                  0x080123ab   Thumb Code    40  misc.o(i.SysTick_CLKSourceConfig)
    SystemInit                               0x080123d3   Thumb Code    36  sys.o(i.SystemInit)
    TIM0_IRQHandler                          0x080123f7   Thumb Code    10  wm_timer.o(i.TIM0_IRQHandler)
    TIM1_IRQHandler                          0x08012401   Thumb Code    10  wm_timer.o(i.TIM1_IRQHandler)
    TIM2_IRQHandler                          0x0801240b   Thumb Code    10  wm_timer.o(i.TIM2_IRQHandler)
    TIM3_IRQHandler                          0x08012415   Thumb Code    10  wm_timer.o(i.TIM3_IRQHandler)
    TIM4_IRQHandler                          0x0801241f   Thumb Code    10  wm_timer.o(i.TIM4_IRQHandler)
    TIM5_IRQHandler                          0x08012429   Thumb Code    10  wm_timer.o(i.TIM5_IRQHandler)
    TIM_Callback_IRQHandler                  0x08012433   Thumb Code    10  timer.o(i.TIM_Callback_IRQHandler)
    TIM_Init                                 0x0801243d   Thumb Code    68  timer.o(i.TIM_Init)
    UART0_IRQHandler                         0x08012485   Thumb Code   154  usart.o(i.UART0_IRQHandler)
    UART1_IRQHandler                         0x0801252d   Thumb Code     2  wm_irq.o(i.UART1_IRQHandler)
    UART2_IRQHandler                         0x08012531   Thumb Code   176  usart2.o(i.UART2_IRQHandler)
    WDG_IRQHandler                           0x080125ed   Thumb Code    22  wdt.o(i.WDG_IRQHandler)
    __0printf$8                              0x0801261d   Thumb Code    22  printf8.o(i.__0printf$8)
    __1printf$8                              0x0801261d   Thumb Code     0  printf8.o(i.__0printf$8)
    __2printf                                0x0801261d   Thumb Code     0  printf8.o(i.__0printf$8)
    __0sprintf$8                             0x0801263d   Thumb Code    34  printf8.o(i.__0sprintf$8)
    __1sprintf$8                             0x0801263d   Thumb Code     0  printf8.o(i.__0sprintf$8)
    __2sprintf                               0x0801263d   Thumb Code     0  printf8.o(i.__0sprintf$8)
    __scatterload_copy                       0x08012665   Thumb Code    14  handlers.o(i.__scatterload_copy)
    __scatterload_null                       0x08012673   Thumb Code     2  handlers.o(i.__scatterload_null)
    __scatterload_zeroinit                   0x08012675   Thumb Code    14  handlers.o(i.__scatterload_zeroinit)
    app_Start                                0x08012b9d   Thumb Code    74  ccs811.o(i.app_Start)
    dataCtrl                                 0x08012bed   Thumb Code  1352  main.o(i.dataCtrl)
    delay_init                               0x08013135   Thumb Code    28  delay.o(i.delay_init)
    delay_ms                                 0x08013159   Thumb Code    50  delay.o(i.delay_ms)
    delay_us                                 0x0801318d   Thumb Code    72  delay.o(i.delay_us)
    delay_xms                                0x080131d9   Thumb Code    72  delay.o(i.delay_xms)
    exchangeBytes                            0x0801337d   Thumb Code    26  common.o(i.exchangeBytes)
    exchangeWord                             0x08013397   Thumb Code    26  common.o(i.exchangeWord)
    fputc                                    0x080133b1   Thumb Code    36  usart.o(i.fputc)
    getData                                  0x080133d9   Thumb Code   144  ccs811.o(i.getData)
    gizAcrossByteJudge                       0x08013471   Thumb Code    42  datapointtools.o(i.gizAcrossByteJudge)
    gizByteOrderExchange                     0x0801349b   Thumb Code    50  datapointtools.o(i.gizByteOrderExchange)
    gizGetTimerCount                         0x0801389d   Thumb Code     6  gizwits_product.o(i.gizGetTimerCount)
    gizProtocolSum                           0x080146c5   Thumb Code    38  common.o(i.gizProtocolSum)
    gizPutData                               0x08014799   Thumb Code    52  gizwits_protocol.o(i.gizPutData)
    gizStandardCompressValue                 0x080148e1   Thumb Code   128  datapointtools.o(i.gizStandardCompressValue)
    gizStandardDecompressionValue            0x08014961   Thumb Code   194  datapointtools.o(i.gizStandardDecompressionValue)
    gizTimerMs                               0x08014a25   Thumb Code    12  gizwits_product.o(i.gizTimerMs)
    gizY2X                                   0x08014a35   Thumb Code    14  datapointtools.o(i.gizY2X)
    gizY2XFloat                              0x08014a43   Thumb Code    42  datapointtools.o(i.gizY2XFloat)
    gizwitsEventProcess                      0x08014a6d   Thumb Code   882  gizwits_product.o(i.gizwitsEventProcess)
    gizwitsGetNTP                            0x08014f29   Thumb Code    94  gizwits_protocol.o(i.gizwitsGetNTP)
    gizwitsHandle                            0x08014fad   Thumb Code   544  gizwits_protocol.o(i.gizwitsHandle)
    gizwitsInit                              0x080152c5   Thumb Code    46  gizwits_protocol.o(i.gizwitsInit)
    gizwitsSetMode                           0x08015329   Thumb Code   590  gizwits_protocol.o(i.gizwitsSetMode)
    main                                     0x080158bd   Thumb Code   548  main.o(i.main)
    mcuRestart                               0x08015bfd   Thumb Code    42  gizwits_product.o(i.mcuRestart)
    rbCanRead                                0x08015c31   Thumb Code    56  ringbuffer.o(i.rbCanRead)
    rbCanWrite                               0x08015c69   Thumb Code    30  ringbuffer.o(i.rbCanWrite)
    rbCapacity                               0x08015c87   Thumb Code    14  ringbuffer.o(i.rbCapacity)
    rbCreate                                 0x08015c95   Thumb Code    22  ringbuffer.o(i.rbCreate)
    rbRead                                   0x08015cab   Thumb Code   162  ringbuffer.o(i.rbRead)
    rbWrite                                  0x08015d4d   Thumb Code   154  ringbuffer.o(i.rbWrite)
    reset                                    0x08015de9   Thumb Code    96  ccs811.o(i.reset)
    setMode                                  0x08015e51   Thumb Code    14  ccs811.o(i.setMode)
    tls_delay_via_timer                      0x08016655   Thumb Code   142  wm_timer.o(i.tls_delay_via_timer)
    tls_dma_free                             0x080166e9   Thumb Code    78  wm_dma.o(i.tls_dma_free)
    tls_dma_init                             0x08016741   Thumb Code    14  wm_dma.o(i.tls_dma_init)
    tls_dma_irq_clr                          0x08016755   Thumb Code    26  wm_dma.o(i.tls_dma_irq_clr)
    tls_dma_request                          0x08016775   Thumb Code   108  wm_dma.o(i.tls_dma_request)
    tls_dma_start                            0x08016811   Thumb Code    90  wm_dma.o(i.tls_dma_start)
    tls_dma_stop                             0x08016871   Thumb Code    72  wm_dma.o(i.tls_dma_stop)
    tls_dma_wait_complt                      0x080168bd   Thumb Code    52  wm_dma.o(i.tls_dma_wait_complt)
    tls_gpio_cfg                             0x080168f5   Thumb Code   178  wm_gpio.o(i.tls_gpio_cfg)
    tls_io_cfg_set                           0x080169ad   Thumb Code    78  wm_io.o(i.tls_io_cfg_set)
    tls_irq_disable                          0x080169fb   Thumb Code    14  wm_irq.o(i.tls_irq_disable)
    tls_irq_enable                           0x08016a09   Thumb Code    34  wm_irq.o(i.tls_irq_enable)
    tls_pmu_clk_select                       0x08016a31   Thumb Code    38  wm_pmu.o(i.tls_pmu_clk_select)
    tls_spi_init                             0x08016acd   Thumb Code   286  wm_hostspi.o(i.tls_spi_init)
    tls_spi_setup                            0x08016bfd   Thumb Code   170  wm_hostspi.o(i.tls_spi_setup)
    tls_spi_trans_type                       0x08016cd1   Thumb Code    56  wm_hostspi.o(i.tls_spi_trans_type)
    tls_spi_write                            0x08016d0d   Thumb Code   208  wm_hostspi.o(i.tls_spi_write)
    tls_sys_clk_get                          0x08016ded   Thumb Code    48  wm_cpu.o(i.tls_sys_clk_get)
    tls_sys_clk_set                          0x08016e21   Thumb Code    68  wm_cpu.o(i.tls_sys_clk_set)
    tls_timer_create                         0x08016e69   Thumb Code   216  wm_timer.o(i.tls_timer_create)
    tls_timer_start                          0x08016f4d   Thumb Code    62  wm_timer.o(i.tls_timer_start)
    uart2_init                               0x08016f95   Thumb Code   164  usart2.o(i.uart2_init)
    uartWrite                                0x08017045   Thumb Code    90  gizwits_product.o(i.uartWrite)
    uart_init                                0x080170a5   Thumb Code   160  usart.o(i.uart_init)
    userHandle                               0x08017151   Thumb Code   578  main.o(i.userHandle)
    userInit                                 0x080173e9   Thumb Code    32  gizwits_product.o(i.userInit)
    wm_gpio_af_disable                       0x08017411   Thumb Code    20  wm_gpio_afsel.o(i.wm_gpio_af_disable)
    wm_spi_ck_config                         0x0801742d   Thumb Code    68  wm_gpio_afsel.o(i.wm_spi_ck_config)
    wm_spi_di_config                         0x08017471   Thumb Code    86  wm_gpio_afsel.o(i.wm_spi_di_config)
    wm_spi_do_config                         0x080174c7   Thumb Code    84  wm_gpio_afsel.o(i.wm_spi_do_config)
    wm_uart0_rx_config                       0x0801751d   Thumb Code   108  wm_gpio_afsel.o(i.wm_uart0_rx_config)
    wm_uart0_tx_config                       0x08017591   Thumb Code    68  wm_gpio_afsel.o(i.wm_uart0_tx_config)
    wm_uart2_rx_config                       0x080175d5   Thumb Code   134  wm_gpio_afsel.o(i.wm_uart2_rx_config)
    wm_uart2_tx_scio_config                  0x08017665   Thumb Code    68  wm_gpio_afsel.o(i.wm_uart2_tx_scio_config)
    asc2_1206                                0x080176a8   Data        1140  lcd.o(.constdata)
    asc2_1608                                0x08017b1c   Data        1520  lcd.o(.constdata)
    asc2_2412                                0x0801810c   Data        4560  lcd.o(.constdata)
    asc2_3216                                0x080192dc   Data       12160  lcd.o(.constdata)
    ALIENTEK_LOGO                            0x0801c25c   Data       39360  lcd.o(.constdata)
    gImage_image1                            0x08025c1c   Data       76808  lcd.o(.constdata)
    gImage_image2                            0x08038824   Data       28808  lcd.o(.constdata)
    gImage_image_wifi1                       0x0803f8ac   Data        3208  lcd.o(.constdata)
    gImage_image_wifi2                       0x08040534   Data        2808  lcd.o(.constdata)
    gImage_image_t                           0x0804102c   Data         328  lcd.o(.constdata)
    gImage_image_h                           0x08041174   Data         328  lcd.o(.constdata)
    gImage_image_als                         0x080412bc   Data         328  lcd.o(.constdata)
    Region$$Table$$Base                      0x08041404   Number         0  anon$$obj.o(Region$$Table)
    Region$$Table$$Limit                     0x08041424   Number         0  anon$$obj.o(Region$$Table)
    wifi_sta                                 0x20000000   Data           1  main.o(.data)
    st1                                      0x20000001   Data           1  main.o(.data)
    machineflag                              0x20000002   Data           1  main.o(.data)
    lightflag                                0x20000003   Data           1  main.o(.data)
    acflag                                   0x20000004   Data           1  main.o(.data)
    waterflag                                0x20000005   Data           1  main.o(.data)
    fanflag                                  0x20000006   Data           1  main.o(.data)
    flag                                     0x20000007   Data           1  main.o(.data)
    autoflag                                 0x20000008   Data           1  main.o(.data)
    __stdout                                 0x20000020   Data           4  usart.o(.data)
    USART_RX_STA                             0x20000024   Data           2  usart.o(.data)
    POINT_COLOR                              0x20000066   Data           2  lcd.o(.data)
    BACK_COLOR                               0x20000068   Data           2  lcd.o(.data)
    USART2_RX_STA                            0x2000006c   Data           2  usart2.o(.data)
    cout0                                    0x20000074   Data           1  gizwits_product.o(.data)
    cout2                                    0x20000075   Data           1  gizwits_product.o(.data)
    cout3                                    0x20000076   Data           1  gizwits_product.o(.data)
    USART_RX_BUF                             0x20000088   Data         200  usart.o(.bss)
    __initial_sp                             0x20001150   Data           0  startup.o(.bss)
    USART2_RX_BUF                            0x2000183c   Data         200  usart2.o(.bss)
    CCS                                      0x20001904   Data          10  ccs811.o(.bss)
    buff                                     0x2000190e   Data         100  gizwits_product.o(.bss)
    currentDataPoint                         0x20001972   Data          24  gizwits_product.o(.bss)
    gizwitsProtocol                          0x2000198a   Data         330  gizwits_protocol.o(.bss)
    pRb                                      0x20001ad4   Data          16  gizwits_protocol.o(.bss)



==============================================================================

Memory Map of the image

  Image Entry point : 0x080101ed

  Load Region LR_IROM1 (Base: 0x08010100, Size: 0x000313ac, Max: 0x000eff00, ABSOLUTE)

    Execution Region ER_IROM1 (Exec base: 0x08010100, Load base: 0x08010100, Size: 0x00031324, Max: 0x000eff00, ABSOLUTE)

    Exec Addr    Load Addr    Size         Type   Attr      Idx    E Section Name        Object

    0x08010100   0x08010100   0x000000ec   Data   RO          349    RESET               startup.o
    0x080101ec   0x080101ec   0x00000000   Code   RO         3358  * .ARM.Collect$$$$00000000  mc_w.l(entry.o)
    0x080101ec   0x080101ec   0x00000004   Code   RO         3692    .ARM.Collect$$$$00000001  mc_w.l(entry2.o)
    0x080101f0   0x080101f0   0x00000004   Code   RO         3695    .ARM.Collect$$$$00000004  mc_w.l(entry5.o)
    0x080101f4   0x080101f4   0x00000000   Code   RO         3697    .ARM.Collect$$$$00000008  mc_w.l(entry7b.o)
    0x080101f4   0x080101f4   0x00000000   Code   RO         3699    .ARM.Collect$$$$0000000A  mc_w.l(entry8b.o)
    0x080101f4   0x080101f4   0x00000008   Code   RO         3700    .ARM.Collect$$$$0000000B  mc_w.l(entry9a.o)
    0x080101fc   0x080101fc   0x00000000   Code   RO         3702    .ARM.Collect$$$$0000000D  mc_w.l(entry10a.o)
    0x080101fc   0x080101fc   0x00000000   Code   RO         3704    .ARM.Collect$$$$0000000F  mc_w.l(entry11a.o)
    0x080101fc   0x080101fc   0x00000004   Code   RO         3693    .ARM.Collect$$$$00002712  mc_w.l(entry2.o)
    0x08010200   0x08010200   0x0000002c   Code   RO          350    .text               startup.o
    0x0801022c   0x0801022c   0x00000024   Code   RO         3363    .text               mc_w.l(memcpya.o)
    0x08010250   0x08010250   0x00000024   Code   RO         3365    .text               mc_w.l(memseta.o)
    0x08010274   0x08010274   0x000000b0   Code   RO         3660    .text               mf_w.l(fadd.o)
    0x08010324   0x08010324   0x00000064   Code   RO         3662    .text               mf_w.l(fmul.o)
    0x08010388   0x08010388   0x0000007c   Code   RO         3664    .text               mf_w.l(fdiv.o)
    0x08010404   0x08010404   0x0000014e   Code   RO         3666    .text               mf_w.l(dadd.o)
    0x08010552   0x08010552   0x000000e4   Code   RO         3668    .text               mf_w.l(dmul.o)
    0x08010636   0x08010636   0x000000de   Code   RO         3670    .text               mf_w.l(ddiv.o)
    0x08010714   0x08010714   0x00000012   Code   RO         3672    .text               mf_w.l(fflti.o)
    0x08010726   0x08010726   0x00000022   Code   RO         3676    .text               mf_w.l(dflti.o)
    0x08010748   0x08010748   0x00000028   Code   RO         3680    .text               mf_w.l(ffixui.o)
    0x08010770   0x08010770   0x0000003e   Code   RO         3682    .text               mf_w.l(dfixi.o)
    0x080107ae   0x080107ae   0x00000026   Code   RO         3684    .text               mf_w.l(f2d.o)
    0x080107d4   0x080107d4   0x00000038   Code   RO         3686    .text               mf_w.l(d2f.o)
    0x0801080c   0x0801080c   0x00000014   Code   RO         3688    .text               mf_w.l(cfcmple.o)
    0x08010820   0x08010820   0x00000014   Code   RO         3690    .text               mf_w.l(cfrcmple.o)
    0x08010834   0x08010834   0x00000062   Code   RO         3708    .text               mc_w.l(uldiv.o)
    0x08010896   0x08010896   0x0000001e   Code   RO         3710    .text               mc_w.l(llshl.o)
    0x080108b4   0x080108b4   0x00000020   Code   RO         3712    .text               mc_w.l(llushr.o)
    0x080108d4   0x080108d4   0x00000024   Code   RO         3714    .text               mc_w.l(llsshr.o)
    0x080108f8   0x080108f8   0x00000000   Code   RO         3718    .text               mc_w.l(iusefp.o)
    0x080108f8   0x080108f8   0x0000006e   Code   RO         3719    .text               mf_w.l(fepilogue.o)
    0x08010966   0x08010966   0x000000ba   Code   RO         3721    .text               mf_w.l(depilogue.o)
    0x08010a20   0x08010a20   0x00000024   Code   RO         3727    .text               mc_w.l(init.o)
    0x08010a44   0x08010a44   0x00000058   Code   RO         2168    i.AHT10_Init        aht10.o
    0x08010a9c   0x08010a9c   0x0000002c   Code   RO         2169    i.AHT10_ReadOneByte  aht10.o
    0x08010ac8   0x08010ac8   0x0000004a   Code   RO         2170    i.AHT10_Read_Data   aht10.o
    0x08010b12   0x08010b12   0x00000002   PAD
    0x08010b14   0x08010b14   0x00000090   Code   RO         2171    i.AHT10_Read_Humidity  aht10.o
    0x08010ba4   0x08010ba4   0x00000026   Code   RO         2172    i.AHT10_Read_Status  aht10.o
    0x08010bca   0x08010bca   0x00000002   PAD
    0x08010bcc   0x08010bcc   0x000000a0   Code   RO         2173    i.AHT10_Read_Temperature  aht10.o
    0x08010c6c   0x08010c6c   0x0000004c   Code   RO         2174    i.AHT10_Write_Data  aht10.o
    0x08010cb8   0x08010cb8   0x00000032   Code   RO         2428    i.AP3216C_Init      ap3216c.o
    0x08010cea   0x08010cea   0x00000076   Code   RO         2429    i.AP3216C_ReadData  ap3216c.o
    0x08010d60   0x08010d60   0x0000003a   Code   RO         2430    i.AP3216C_ReadOneByte  ap3216c.o
    0x08010d9a   0x08010d9a   0x00000044   Code   RO         2431    i.AP3216C_WriteOneByte  ap3216c.o
    0x08010dde   0x08010dde   0x0000001c   Code   RO         2599    i.CCS811Init        ccs811.o
    0x08010dfa   0x08010dfa   0x00000002   PAD
    0x08010dfc   0x08010dfc   0x00000070   Code   RO         2600    i.CCS811_ReadOneByte  ccs811.o
    0x08010e6c   0x08010e6c   0x00000044   Code   RO         2601    i.CCS811_WriteOneByte  ccs811.o
    0x08010eb0   0x08010eb0   0x00000100   Code   RO            3    i.CCS881_CO2        main.o
    0x08010fb0   0x08010fb0   0x0000000a   Code   RO         1682    i.DMA_Channel0_IRQHandler  wm_dma.o
    0x08010fba   0x08010fba   0x0000000a   Code   RO         1683    i.DMA_Channel1_IRQHandler  wm_dma.o
    0x08010fc4   0x08010fc4   0x0000000a   Code   RO         1684    i.DMA_Channel2_IRQHandler  wm_dma.o
    0x08010fce   0x08010fce   0x0000000a   Code   RO         1685    i.DMA_Channel3_IRQHandler  wm_dma.o
    0x08010fd8   0x08010fd8   0x0000000a   Code   RO         1686    i.DMA_Channel4_7_IRQHandler  wm_dma.o
    0x08010fe2   0x08010fe2   0x00000002   PAD
    0x08010fe4   0x08010fe4   0x00000054   Code   RO         2537    i.DS18B20_Check     ds18b20.o
    0x08011038   0x08011038   0x00000090   Code   RO         2538    i.DS18B20_Get_Temp  ds18b20.o
    0x080110c8   0x080110c8   0x00000048   Code   RO         2540    i.DS18B20_Read_Bit  ds18b20.o
    0x08011110   0x08011110   0x00000022   Code   RO         2541    i.DS18B20_Read_Byte  ds18b20.o
    0x08011132   0x08011132   0x00000002   PAD
    0x08011134   0x08011134   0x0000002c   Code   RO         2542    i.DS18B20_Rst       ds18b20.o
    0x08011160   0x08011160   0x00000018   Code   RO         2543    i.DS18B20_Start     ds18b20.o
    0x08011178   0x08011178   0x0000005c   Code   RO         2544    i.DS18B20_Write_Byte  ds18b20.o
    0x080111d4   0x080111d4   0x0000001c   Code   RO         1918    i.Display_image2    lcd.o
    0x080111f0   0x080111f0   0x0000001c   Code   RO         1919    i.Display_image_als  lcd.o
    0x0801120c   0x0801120c   0x0000001c   Code   RO         1920    i.Display_image_h   lcd.o
    0x08011228   0x08011228   0x0000001c   Code   RO         1921    i.Display_image_t   lcd.o
    0x08011244   0x08011244   0x0000001c   Code   RO         1922    i.Display_imagewifi1  lcd.o
    0x08011260   0x08011260   0x0000001c   Code   RO         1923    i.Display_imagewifi2  lcd.o
    0x0801127c   0x0801127c   0x00000050   Code   RO          406    i.GPIOA_IRQHandler  wm_gpio.o
    0x080112cc   0x080112cc   0x00000054   Code   RO          407    i.GPIOB_IRQHandler  wm_gpio.o
    0x08011320   0x08011320   0x00000028   Code   RO            4    i.Gizwits_Init      main.o
    0x08011348   0x08011348   0x00000034   Code   RO         2469    i.IIC2_Ack          myiic2.o
    0x0801137c   0x0801137c   0x0000000a   Code   RO         2470    i.IIC2_Delay        myiic2.o
    0x08011386   0x08011386   0x00000018   Code   RO         2471    i.IIC2_Init         myiic2.o
    0x0801139e   0x0801139e   0x00000002   PAD
    0x080113a0   0x080113a0   0x00000034   Code   RO         2472    i.IIC2_NAck         myiic2.o
    0x080113d4   0x080113d4   0x00000054   Code   RO         2473    i.IIC2_Read_Byte    myiic2.o
    0x08011428   0x08011428   0x00000044   Code   RO         2474    i.IIC2_Send_Byte    myiic2.o
    0x0801146c   0x0801146c   0x00000030   Code   RO         2475    i.IIC2_Start        myiic2.o
    0x0801149c   0x0801149c   0x00000030   Code   RO         2476    i.IIC2_Stop         myiic2.o
    0x080114cc   0x080114cc   0x0000004c   Code   RO         2477    i.IIC2_Wait_Ack     myiic2.o
    0x08011518   0x08011518   0x00000038   Code   RO         2700    i.IIC3_Ack          ccs811iic.o
    0x08011550   0x08011550   0x00000018   Code   RO         2701    i.IIC3_Init         ccs811iic.o
    0x08011568   0x08011568   0x00000038   Code   RO         2702    i.IIC3_NAck         ccs811iic.o
    0x080115a0   0x080115a0   0x00000058   Code   RO         2703    i.IIC3_Read_Byte    ccs811iic.o
    0x080115f8   0x080115f8   0x0000005c   Code   RO         2704    i.IIC3_Send_Byte    ccs811iic.o
    0x08011654   0x08011654   0x00000034   Code   RO         2705    i.IIC3_Start        ccs811iic.o
    0x08011688   0x08011688   0x00000030   Code   RO         2706    i.IIC3_Stop         ccs811iic.o
    0x080116b8   0x080116b8   0x00000048   Code   RO         2707    i.IIC3_Wait_Ack     ccs811iic.o
    0x08011700   0x08011700   0x00000034   Code   RO         2226    i.IIC_Ack           myiic.o
    0x08011734   0x08011734   0x0000000c   Code   RO         2227    i.IIC_Delay         myiic.o
    0x08011740   0x08011740   0x00000018   Code   RO         2228    i.IIC_Init          myiic.o
    0x08011758   0x08011758   0x00000034   Code   RO         2229    i.IIC_NAck          myiic.o
    0x0801178c   0x0801178c   0x00000054   Code   RO         2230    i.IIC_Read_Byte     myiic.o
    0x080117e0   0x080117e0   0x00000044   Code   RO         2231    i.IIC_Send_Byte     myiic.o
    0x08011824   0x08011824   0x00000030   Code   RO         2232    i.IIC_Start         myiic.o
    0x08011854   0x08011854   0x00000030   Code   RO         2233    i.IIC_Stop          myiic.o
    0x08011884   0x08011884   0x0000004c   Code   RO         2234    i.IIC_Wait_Ack      myiic.o
    0x080118d0   0x080118d0   0x00000022   Code   RO         1889    i.KEY_Init          key.o
    0x080118f2   0x080118f2   0x00000002   PAD
    0x080118f4   0x080118f4   0x0000007c   Code   RO         1890    i.KEY_Scan          key.o
    0x08011970   0x08011970   0x00000052   Code   RO         1924    i.LCD_Address_Set   lcd.o
    0x080119c2   0x080119c2   0x00000002   PAD
    0x080119c4   0x080119c4   0x0000006c   Code   RO         1925    i.LCD_Clear         lcd.o
    0x08011a30   0x08011a30   0x00000094   Code   RO         1933    i.LCD_Fill          lcd.o
    0x08011ac4   0x08011ac4   0x00000048   Code   RO         1934    i.LCD_Gpio_Init     lcd.o
    0x08011b0c   0x08011b0c   0x0000019c   Code   RO         1935    i.LCD_Init          lcd.o
    0x08011ca8   0x08011ca8   0x00000016   Code   RO         1936    i.LCD_Pow           lcd.o
    0x08011cbe   0x08011cbe   0x00000002   PAD
    0x08011cc0   0x08011cc0   0x00000020   Code   RO         1937    i.LCD_SPI_Send      lcd.o
    0x08011ce0   0x08011ce0   0x00000210   Code   RO         1938    i.LCD_ShowChar      lcd.o
    0x08011ef0   0x08011ef0   0x00000088   Code   RO         1939    i.LCD_ShowNum       lcd.o
    0x08011f78   0x08011f78   0x00000062   Code   RO         1940    i.LCD_ShowString    lcd.o
    0x08011fda   0x08011fda   0x00000002   PAD
    0x08011fdc   0x08011fdc   0x00000050   Code   RO         1941    i.LCD_Show_Image    lcd.o
    0x0801202c   0x0801202c   0x00000018   Code   RO         1943    i.LCD_Write_Cmd     lcd.o
    0x08012044   0x08012044   0x00000018   Code   RO         1944    i.LCD_Write_Data    lcd.o
    0x0801205c   0x0801205c   0x00000028   Code   RO         1945    i.LCD_Write_HalfWord  lcd.o
    0x08012084   0x08012084   0x00000030   Code   RO         1869    i.LED_Init          led.o
    0x080120b4   0x080120b4   0x00000024   Code   RO            5    i.M_Init            main.o
    0x080120d8   0x080120d8   0x00000024   Code   RO          356    i.NVIC_Configration  misc.o
    0x080120fc   0x080120fc   0x00000070   Code   RO          357    i.NVIC_Init         misc.o
    0x0801216c   0x0801216c   0x00000014   Code   RO          358    i.NVIC_PriorityGroupConfig  misc.o
    0x08012180   0x08012180   0x00000020   Code   RO          360    i.NVIC_SystemLPConfig  misc.o
    0x080121a0   0x080121a0   0x00000038   Code   RO          714    i.PMU_GPIO_WAKE_IRQHandler  wm_pmu.o
    0x080121d8   0x080121d8   0x00000030   Code   RO         1801    i.PMU_RTC_IRQHandler  wm_rtc.o
    0x08012208   0x08012208   0x00000038   Code   RO          715    i.PMU_SDIO_WAKE_IRQHandler  wm_pmu.o
    0x08012240   0x08012240   0x00000050   Code   RO          716    i.PMU_TIMER0_IRQHandler  wm_pmu.o
    0x08012290   0x08012290   0x00000038   Code   RO          717    i.PMU_TIMER1_IRQHandler  wm_pmu.o
    0x080122c8   0x080122c8   0x00000014   Code   RO         1291    i.PWM_IRQHandler    wm_pwm.o
    0x080122dc   0x080122dc   0x00000030   Code   RO         2124    i.SPI_Init          spi.o
    0x0801230c   0x0801230c   0x00000054   Code   RO         1461    i.SPI_LS_IRQHandler  wm_hostspi.o
    0x08012360   0x08012360   0x0000004a   Code   RO         2128    i.SPI_WriteByte     spi.o
    0x080123aa   0x080123aa   0x00000028   Code   RO          361    i.SysTick_CLKSourceConfig  misc.o
    0x080123d2   0x080123d2   0x00000024   Code   RO          217    i.SystemInit        sys.o
    0x080123f6   0x080123f6   0x0000000a   Code   RO          867    i.TIM0_IRQHandler   wm_timer.o
    0x08012400   0x08012400   0x0000000a   Code   RO          868    i.TIM1_IRQHandler   wm_timer.o
    0x0801240a   0x0801240a   0x0000000a   Code   RO          869    i.TIM2_IRQHandler   wm_timer.o
    0x08012414   0x08012414   0x0000000a   Code   RO          870    i.TIM3_IRQHandler   wm_timer.o
    0x0801241e   0x0801241e   0x0000000a   Code   RO          871    i.TIM4_IRQHandler   wm_timer.o
    0x08012428   0x08012428   0x0000000a   Code   RO          872    i.TIM5_IRQHandler   wm_timer.o
    0x08012432   0x08012432   0x0000000a   Code   RO         2339    i.TIM_Callback_IRQHandler  timer.o
    0x0801243c   0x0801243c   0x00000048   Code   RO         2340    i.TIM_Init          timer.o
    0x08012484   0x08012484   0x000000a8   Code   RO          280    i.UART0_IRQHandler  usart.o
    0x0801252c   0x0801252c   0x00000002   Code   RO          650    i.UART1_IRQHandler  wm_irq.o
    0x0801252e   0x0801252e   0x00000002   PAD
    0x08012530   0x08012530   0x000000bc   Code   RO         2385    i.UART2_IRQHandler  usart2.o
    0x080125ec   0x080125ec   0x00000030   Code   RO         2294    i.WDG_IRQHandler    wdt.o
    0x0801261c   0x0801261c   0x00000020   Code   RO         3578    i.__0printf$8       mc_w.l(printf8.o)
    0x0801263c   0x0801263c   0x00000028   Code   RO         3580    i.__0sprintf$8      mc_w.l(printf8.o)
    0x08012664   0x08012664   0x0000000e   Code   RO         3731    i.__scatterload_copy  mc_w.l(handlers.o)
    0x08012672   0x08012672   0x00000002   Code   RO         3732    i.__scatterload_null  mc_w.l(handlers.o)
    0x08012674   0x08012674   0x0000000e   Code   RO         3733    i.__scatterload_zeroinit  mc_w.l(handlers.o)
    0x08012682   0x08012682   0x00000002   PAD
    0x08012684   0x08012684   0x00000410   Code   RO         3585    i._printf_core      mc_w.l(printf8.o)
    0x08012a94   0x08012a94   0x00000024   Code   RO         3586    i._printf_post_padding  mc_w.l(printf8.o)
    0x08012ab8   0x08012ab8   0x0000002e   Code   RO         3587    i._printf_pre_padding  mc_w.l(printf8.o)
    0x08012ae6   0x08012ae6   0x0000000a   Code   RO         3589    i._sputc            mc_w.l(printf8.o)
    0x08012af0   0x08012af0   0x000000ac   Code   RO         1462    i.add_message_to_wait_list  wm_hostspi.o
    0x08012b9c   0x08012b9c   0x00000050   Code   RO         2603    i.app_Start         ccs811.o
    0x08012bec   0x08012bec   0x00000548   Code   RO            6    i.dataCtrl          main.o
    0x08013134   0x08013134   0x00000024   Code   RO          240    i.delay_init        delay.o
    0x08013158   0x08013158   0x00000032   Code   RO          241    i.delay_ms          delay.o
    0x0801318a   0x0801318a   0x00000002   PAD
    0x0801318c   0x0801318c   0x0000004c   Code   RO          242    i.delay_us          delay.o
    0x080131d8   0x080131d8   0x0000004c   Code   RO          243    i.delay_xms         delay.o
    0x08013224   0x08013224   0x00000014   Code   RO         1463    i.dl_list_add_tail  wm_hostspi.o
    0x08013238   0x08013238   0x00000014   Code   RO         1464    i.dl_list_del       wm_hostspi.o
    0x0801324c   0x0801324c   0x00000010   Code   RO         1465    i.dl_list_empty     wm_hostspi.o
    0x0801325c   0x0801325c   0x00000006   Code   RO         1466    i.dl_list_init      wm_hostspi.o
    0x08013262   0x08013262   0x00000002   PAD
    0x08013264   0x08013264   0x00000118   Code   RO         1687    i.dma_irq_proc      wm_dma.o
    0x0801337c   0x0801337c   0x0000001a   Code   RO         3175    i.exchangeBytes     common.o
    0x08013396   0x08013396   0x0000001a   Code   RO         3176    i.exchangeWord      common.o
    0x080133b0   0x080133b0   0x00000028   Code   RO          282    i.fputc             usart.o
    0x080133d8   0x080133d8   0x00000098   Code   RO         2605    i.getData           ccs811.o
    0x08013470   0x08013470   0x0000002a   Code   RO         3244    i.gizAcrossByteJudge  datapointtools.o
    0x0801349a   0x0801349a   0x00000032   Code   RO         3245    i.gizByteOrderExchange  datapointtools.o
    0x080134cc   0x080134cc   0x00000188   Code   RO         2979    i.gizCheckReport    gizwits_protocol.o
    0x08013654   0x08013654   0x00000074   Code   RO         2980    i.gizDataPoint2Event  gizwits_protocol.o
    0x080136c8   0x080136c8   0x00000118   Code   RO         2981    i.gizDataPoints2ReportData  gizwits_protocol.o
    0x080137e0   0x080137e0   0x000000bc   Code   RO         2982    i.gizDevReportPolicy  gizwits_protocol.o
    0x0801389c   0x0801389c   0x0000000c   Code   RO         2802    i.gizGetTimerCount  gizwits_product.o
    0x080138a8   0x080138a8   0x0000008c   Code   RO         2983    i.gizProtocolAckHandle  gizwits_protocol.o
    0x08013934   0x08013934   0x000000a0   Code   RO         2984    i.gizProtocolCommonAck  gizwits_protocol.o
    0x080139d4   0x080139d4   0x000000a4   Code   RO         2985    i.gizProtocolErrorCmd  gizwits_protocol.o
    0x08013a78   0x08013a78   0x0000017c   Code   RO         2986    i.gizProtocolGetDeviceInfo  gizwits_protocol.o
    0x08013bf4   0x08013bf4   0x000001a8   Code   RO         2987    i.gizProtocolGetOnePacket  gizwits_protocol.o
    0x08013d9c   0x08013d9c   0x00000050   Code   RO         2988    i.gizProtocolHeadInit  gizwits_protocol.o
    0x08013dec   0x08013dec   0x0000013c   Code   RO         2989    i.gizProtocolIssuedDataAck  gizwits_protocol.o
    0x08013f28   0x08013f28   0x0000011c   Code   RO         2990    i.gizProtocolIssuedProcess  gizwits_protocol.o
    0x08014044   0x08014044   0x0000005c   Code   RO         2991    i.gizProtocolModuleInfoHandle  gizwits_protocol.o
    0x080140a0   0x080140a0   0x00000504   Code   RO         2992    i.gizProtocolModuleStatus  gizwits_protocol.o
    0x080145a4   0x080145a4   0x00000088   Code   RO         2993    i.gizProtocolNTP    gizwits_protocol.o
    0x0801462c   0x0801462c   0x0000001c   Code   RO         2994    i.gizProtocolReboot  gizwits_protocol.o
    0x08014648   0x08014648   0x0000007c   Code   RO         2995    i.gizProtocolResendData  gizwits_protocol.o
    0x080146c4   0x080146c4   0x00000026   Code   RO         3178    i.gizProtocolSum    common.o
    0x080146ea   0x080146ea   0x00000002   PAD
    0x080146ec   0x080146ec   0x00000064   Code   RO         2996    i.gizProtocolWaitAck  gizwits_protocol.o
    0x08014750   0x08014750   0x00000048   Code   RO         2997    i.gizProtocolWaitAckCheck  gizwits_protocol.o
    0x08014798   0x08014798   0x00000074   Code   RO         2998    i.gizPutData        gizwits_protocol.o
    0x0801480c   0x0801480c   0x000000d4   Code   RO         2999    i.gizReportData     gizwits_protocol.o
    0x080148e0   0x080148e0   0x00000080   Code   RO         3246    i.gizStandardCompressValue  datapointtools.o
    0x08014960   0x08014960   0x000000c2   Code   RO         3247    i.gizStandardDecompressionValue  datapointtools.o
    0x08014a22   0x08014a22   0x00000002   PAD
    0x08014a24   0x08014a24   0x00000010   Code   RO         2803    i.gizTimerMs        gizwits_product.o
    0x08014a34   0x08014a34   0x0000000e   Code   RO         3252    i.gizY2X            datapointtools.o
    0x08014a42   0x08014a42   0x0000002a   Code   RO         3253    i.gizY2XFloat       datapointtools.o
    0x08014a6c   0x08014a6c   0x000004bc   Code   RO         2804    i.gizwitsEventProcess  gizwits_product.o
    0x08014f28   0x08014f28   0x00000084   Code   RO         3001    i.gizwitsGetNTP     gizwits_protocol.o
    0x08014fac   0x08014fac   0x00000318   Code   RO         3002    i.gizwitsHandle     gizwits_protocol.o
    0x080152c4   0x080152c4   0x00000064   Code   RO         3003    i.gizwitsInit       gizwits_protocol.o
    0x08015328   0x08015328   0x00000288   Code   RO         3005    i.gizwitsSetMode    gizwits_protocol.o
    0x080155b0   0x080155b0   0x00000088   Code   RO          574    i.io_cfg_option1    wm_io.o
    0x08015638   0x08015638   0x00000088   Code   RO          575    i.io_cfg_option2    wm_io.o
    0x080156c0   0x080156c0   0x00000098   Code   RO          576    i.io_cfg_option3    wm_io.o
    0x08015758   0x08015758   0x0000009c   Code   RO          577    i.io_cfg_option4    wm_io.o
    0x080157f4   0x080157f4   0x0000003c   Code   RO          578    i.io_cfg_option5    wm_io.o
    0x08015830   0x08015830   0x0000008c   Code   RO          579    i.io_cfg_option6    wm_io.o
    0x080158bc   0x080158bc   0x00000340   Code   RO            7    i.main              main.o
    0x08015bfc   0x08015bfc   0x00000034   Code   RO         2805    i.mcuRestart        gizwits_product.o
    0x08015c30   0x08015c30   0x00000038   Code   RO         3310    i.rbCanRead         ringbuffer.o
    0x08015c68   0x08015c68   0x0000001e   Code   RO         3311    i.rbCanWrite        ringbuffer.o
    0x08015c86   0x08015c86   0x0000000e   Code   RO         3312    i.rbCapacity        ringbuffer.o
    0x08015c94   0x08015c94   0x00000016   Code   RO         3313    i.rbCreate          ringbuffer.o
    0x08015caa   0x08015caa   0x000000a2   Code   RO         3315    i.rbRead            ringbuffer.o
    0x08015d4c   0x08015d4c   0x0000009a   Code   RO         3316    i.rbWrite           ringbuffer.o
    0x08015de6   0x08015de6   0x00000002   PAD
    0x08015de8   0x08015de8   0x00000068   Code   RO         2610    i.reset             ccs811.o
    0x08015e50   0x08015e50   0x0000000e   Code   RO         2611    i.setMode           ccs811.o
    0x08015e5e   0x08015e5e   0x00000002   PAD
    0x08015e60   0x08015e60   0x000001bc   Code   RO         1468    i.spi_block_write_dma  wm_hostspi.o
    0x0801601c   0x0801601c   0x00000002   Code   RO         1469    i.spi_complete      wm_hostspi.o
    0x0801601e   0x0801601e   0x00000002   PAD
    0x08016020   0x08016020   0x000000ac   Code   RO         1470    i.spi_continue_transfer  wm_hostspi.o
    0x080160cc   0x080160cc   0x00000010   Code   RO         1471    i.spi_data_get      wm_hostspi.o
    0x080160dc   0x080160dc   0x00000014   Code   RO         1472    i.spi_data_put      wm_hostspi.o
    0x080160f0   0x080160f0   0x00000058   Code   RO         1473    i.spi_dma_init      wm_hostspi.o
    0x08016148   0x08016148   0x00000128   Code   RO         1474    i.spi_fill_txfifo   wm_hostspi.o
    0x08016270   0x08016270   0x00000130   Code   RO         1475    i.spi_get_rxfifo    wm_hostspi.o
    0x080163a0   0x080163a0   0x00000038   Code   RO         1476    i.spi_get_status    wm_hostspi.o
    0x080163d8   0x080163d8   0x00000016   Code   RO         1477    i.spi_message_init  wm_hostspi.o
    0x080163ee   0x080163ee   0x00000002   PAD
    0x080163f0   0x080163f0   0x00000038   Code   RO         1478    i.spi_next_message  wm_hostspi.o
    0x08016428   0x08016428   0x0000001c   Code   RO         1479    i.spi_next_transfer  wm_hostspi.o
    0x08016444   0x08016444   0x00000030   Code   RO         1480    i.spi_set_chipselect_mode  wm_hostspi.o
    0x08016474   0x08016474   0x00000030   Code   RO         1481    i.spi_set_endian    wm_hostspi.o
    0x080164a4   0x080164a4   0x00000054   Code   RO         1482    i.spi_set_mode      wm_hostspi.o
    0x080164f8   0x080164f8   0x00000038   Code   RO         1483    i.spi_set_sclk      wm_hostspi.o
    0x08016530   0x08016530   0x0000008c   Code   RO         1484    i.spi_start_transfer  wm_hostspi.o
    0x080165bc   0x080165bc   0x00000028   Code   RO         1485    i.spi_wait_idle     wm_hostspi.o
    0x080165e4   0x080165e4   0x00000028   Code   RO          873    i.timer_clear_irq   wm_timer.o
    0x0801660c   0x0801660c   0x0000002c   Code   RO          874    i.timer_irq_callback  wm_timer.o
    0x08016638   0x08016638   0x0000001c   Code   RO          985    i.tls_bitband_write  wm_gpio_afsel.o
    0x08016654   0x08016654   0x00000094   Code   RO          875    i.tls_delay_via_timer  wm_timer.o
    0x080166e8   0x080166e8   0x00000058   Code   RO         1688    i.tls_dma_free      wm_dma.o
    0x08016740   0x08016740   0x00000014   Code   RO         1689    i.tls_dma_init      wm_dma.o
    0x08016754   0x08016754   0x00000020   Code   RO         1690    i.tls_dma_irq_clr   wm_dma.o
    0x08016774   0x08016774   0x0000009c   Code   RO         1692    i.tls_dma_request   wm_dma.o
    0x08016810   0x08016810   0x00000060   Code   RO         1693    i.tls_dma_start     wm_dma.o
    0x08016870   0x08016870   0x0000004c   Code   RO         1695    i.tls_dma_stop      wm_dma.o
    0x080168bc   0x080168bc   0x00000038   Code   RO         1696    i.tls_dma_wait_complt  wm_dma.o
    0x080168f4   0x080168f4   0x000000b8   Code   RO          410    i.tls_gpio_cfg      wm_gpio.o
    0x080169ac   0x080169ac   0x0000004e   Code   RO          581    i.tls_io_cfg_set    wm_io.o
    0x080169fa   0x080169fa   0x0000000e   Code   RO          651    i.tls_irq_disable   wm_irq.o
    0x08016a08   0x08016a08   0x00000028   Code   RO          652    i.tls_irq_enable    wm_irq.o
    0x08016a30   0x08016a30   0x0000002c   Code   RO          720    i.tls_pmu_clk_select  wm_pmu.o
    0x08016a5c   0x08016a5c   0x00000006   Code   RO          283    i.tls_reg_read32    usart.o
    0x08016a62   0x08016a62   0x00000006   Code   RO          416    i.tls_reg_read32    wm_gpio.o
    0x08016a68   0x08016a68   0x00000006   Code   RO          517    i.tls_reg_read32    wm_cpu.o
    0x08016a6e   0x08016a6e   0x00000006   Code   RO          582    i.tls_reg_read32    wm_io.o
    0x08016a74   0x08016a74   0x00000006   Code   RO          730    i.tls_reg_read32    wm_pmu.o
    0x08016a7a   0x08016a7a   0x00000006   Code   RO          876    i.tls_reg_read32    wm_timer.o
    0x08016a80   0x08016a80   0x00000006   Code   RO         1486    i.tls_reg_read32    wm_hostspi.o
    0x08016a86   0x08016a86   0x00000006   Code   RO         1697    i.tls_reg_read32    wm_dma.o
    0x08016a8c   0x08016a8c   0x00000006   Code   RO         1803    i.tls_reg_read32    wm_rtc.o
    0x08016a92   0x08016a92   0x00000006   Code   RO         2386    i.tls_reg_read32    usart2.o
    0x08016a98   0x08016a98   0x00000006   Code   RO         2806    i.tls_reg_read32    gizwits_product.o
    0x08016a9e   0x08016a9e   0x00000004   Code   RO          284    i.tls_reg_write32   usart.o
    0x08016aa2   0x08016aa2   0x00000004   Code   RO          417    i.tls_reg_write32   wm_gpio.o
    0x08016aa6   0x08016aa6   0x00000004   Code   RO          583    i.tls_reg_write32   wm_io.o
    0x08016aaa   0x08016aaa   0x00000004   Code   RO          731    i.tls_reg_write32   wm_pmu.o
    0x08016aae   0x08016aae   0x00000004   Code   RO          877    i.tls_reg_write32   wm_timer.o
    0x08016ab2   0x08016ab2   0x00000004   Code   RO          986    i.tls_reg_write32   wm_gpio_afsel.o
    0x08016ab6   0x08016ab6   0x00000004   Code   RO         1487    i.tls_reg_write32   wm_hostspi.o
    0x08016aba   0x08016aba   0x00000004   Code   RO         1698    i.tls_reg_write32   wm_dma.o
    0x08016abe   0x08016abe   0x00000004   Code   RO         1804    i.tls_reg_write32   wm_rtc.o
    0x08016ac2   0x08016ac2   0x00000004   Code   RO         2387    i.tls_reg_write32   usart2.o
    0x08016ac6   0x08016ac6   0x00000004   Code   RO         2807    i.tls_reg_write32   gizwits_product.o
    0x08016aca   0x08016aca   0x00000002   PAD
    0x08016acc   0x08016acc   0x00000130   Code   RO         1488    i.tls_spi_init      wm_hostspi.o
    0x08016bfc   0x08016bfc   0x000000b4   Code   RO         1491    i.tls_spi_setup     wm_hostspi.o
    0x08016cb0   0x08016cb0   0x00000020   Code   RO         1492    i.tls_spi_sync      wm_hostspi.o
    0x08016cd0   0x08016cd0   0x0000003c   Code   RO         1493    i.tls_spi_trans_type  wm_hostspi.o
    0x08016d0c   0x08016d0c   0x000000e0   Code   RO         1494    i.tls_spi_write     wm_hostspi.o
    0x08016dec   0x08016dec   0x00000034   Code   RO          518    i.tls_sys_clk_get   wm_cpu.o
    0x08016e20   0x08016e20   0x00000048   Code   RO          519    i.tls_sys_clk_set   wm_cpu.o
    0x08016e68   0x08016e68   0x000000e4   Code   RO          879    i.tls_timer_create  wm_timer.o
    0x08016f4c   0x08016f4c   0x00000048   Code   RO          881    i.tls_timer_start   wm_timer.o
    0x08016f94   0x08016f94   0x000000b0   Code   RO         2388    i.uart2_init        usart2.o
    0x08017044   0x08017044   0x00000060   Code   RO         2808    i.uartWrite         gizwits_product.o
    0x080170a4   0x080170a4   0x000000ac   Code   RO          285    i.uart_init         usart.o
    0x08017150   0x08017150   0x00000298   Code   RO            8    i.userHandle        main.o
    0x080173e8   0x080173e8   0x00000028   Code   RO         2809    i.userInit          gizwits_product.o
    0x08017410   0x08017410   0x0000001c   Code   RO          988    i.wm_gpio_af_disable  wm_gpio_afsel.o
    0x0801742c   0x0801742c   0x00000044   Code   RO         1008    i.wm_spi_ck_config  wm_gpio_afsel.o
    0x08017470   0x08017470   0x00000056   Code   RO         1010    i.wm_spi_di_config  wm_gpio_afsel.o
    0x080174c6   0x080174c6   0x00000054   Code   RO         1011    i.wm_spi_do_config  wm_gpio_afsel.o
    0x0801751a   0x0801751a   0x00000002   PAD
    0x0801751c   0x0801751c   0x00000074   Code   RO         1015    i.wm_uart0_rx_config  wm_gpio_afsel.o
    0x08017590   0x08017590   0x00000044   Code   RO         1016    i.wm_uart0_tx_config  wm_gpio_afsel.o
    0x080175d4   0x080175d4   0x00000090   Code   RO         1023    i.wm_uart2_rx_config  wm_gpio_afsel.o
    0x08017664   0x08017664   0x00000044   Code   RO         1024    i.wm_uart2_tx_scio_config  wm_gpio_afsel.o
    0x080176a8   0x080176a8   0x00029d5c   Data   RO         1947    .constdata          lcd.o
    0x08041404   0x08041404   0x00000020   Data   RO         3729    Region$$Table       anon$$obj.o


    Execution Region RW_IRAM1 (Exec base: 0x20000000, Load base: 0x08041424, Size: 0x00001b24, Max: 0x00028000, ABSOLUTE)

    Exec Addr    Load Addr    Size         Type   Attr      Idx    E Section Name        Object

    0x20000000   0x08041424   0x00000016   Data   RW            9    .data               main.o
    0x20000016   0x0804143a   0x00000002   PAD
    0x20000018   0x0804143c   0x00000008   Data   RW          244    .data               delay.o
    0x20000020   0x08041444   0x00000006   Data   RW          287    .data               usart.o
    0x20000026   0x0804144a   0x00000002   PAD
    0x20000028   0x0804144c   0x00000020   Data   RW          732    .data               wm_pmu.o
    0x20000048   0x0804146c   0x00000001   Data   RW          884    .data               wm_timer.o
    0x20000049   0x0804146d   0x00000003   PAD
    0x2000004c   0x08041470   0x00000004   Data   RW         1317    .data               wm_pwm.o
    0x20000050   0x08041474   0x00000004   Data   RW         1497    .data               wm_hostspi.o
    0x20000054   0x08041478   0x00000008   Data   RW         1700    .data               wm_dma.o
    0x2000005c   0x08041480   0x00000008   Data   RW         1809    .data               wm_rtc.o
    0x20000064   0x08041488   0x00000001   Data   RW         1891    .data               key.o
    0x20000065   0x08041489   0x00000001   PAD
    0x20000066   0x0804148a   0x00000004   Data   RW         1948    .data               lcd.o
    0x2000006a   0x0804148e   0x00000001   Data   RW         2298    .data               wdt.o
    0x2000006b   0x0804148f   0x00000001   Data   RW         2344    .data               timer.o
    0x2000006c   0x08041490   0x00000002   Data   RW         2390    .data               usart2.o
    0x2000006e   0x08041492   0x00000002   PAD
    0x20000070   0x08041494   0x00000007   Data   RW         2811    .data               gizwits_product.o
    0x20000077   0x0804149b   0x00000001   PAD
    0x20000078   0x0804149c   0x00000010   Data   RW         3007    .data               gizwits_protocol.o
    0x20000088        -       0x000000c8   Zero   RW          286    .bss                usart.o
    0x20000150        -       0x00001000   Zero   RW          347    .bss                startup.o
    0x20001150        -       0x00000178   Zero   RW          418    .bss                wm_gpio.o
    0x200012c8        -       0x00000030   Zero   RW          883    .bss                wm_timer.o
    0x200012f8        -       0x00000024   Zero   RW         1496    .bss                wm_hostspi.o
    0x2000131c        -       0x000000a0   Zero   RW         1699    .bss                wm_dma.o
    0x200013bc        -       0x00000480   Zero   RW         1946    .bss                lcd.o
    0x2000183c        -       0x000000c8   Zero   RW         2389    .bss                usart2.o
    0x20001904        -       0x0000000a   Zero   RW         2613    .bss                ccs811.o
    0x2000190e        -       0x0000007c   Zero   RW         2810    .bss                gizwits_product.o
    0x2000198a        -       0x0000019a   Zero   RW         3006    .bss                gizwits_protocol.o


==============================================================================

Image component sizes


      Code (inc. data)   RO Data    RW Data    ZI Data      Debug   Object Name

       624         22          0          0          0       4917   aht10.o
       294          0          0          0          0       2927   ap3216c.o
       558         30          0          0         10       4066   ccs811.o
       488         38          0          0          0       4190   ccs811iic.o
        90          0          0          0          0       2024   common.o
       470          0          0          0          0       4966   datapointtools.o
       238         16          0          8          0       2331   delay.o
       494         24          0          0          0       4037   ds18b20.o
      1438        382          0          7        124      62939   gizwits_product.o
      6760       2222          0         16        410      19010   gizwits_protocol.o
       158         10          0          1          0       1090   key.o
      1974        102     171356          4       1152      15831   lcd.o
        48          4          0          0          0        447   led.o
      3180        840          0         22          0      50712   main.o
       240         28          0          0          0       3251   misc.o
       464         40          0          0          0       4530   myiic.o
       462         40          0          0          0       4595   myiic2.o
       438          0          0          0          0       3968   ringbuffer.o
       122          6          0          0          0       1407   spi.o
        44         10        236          0       4096        772   startup.o
        36          0          0          0          0        445   sys.o
        82          4          0          1          0       1413   timer.o
       390         30          0          6        200      53978   usart.o
       374         24          0          2        200       2830   usart2.o
        48         26          0          1          0        645   wdt.o
       130          8          0          0          0       4700   wm_cpu.o
       864         94          0          8        160       9379   wm_dma.o
       358         24          0          0        376       9077   wm_gpio.o
       694         26          0          0          0      29539   wm_gpio_afsel.o
      3048        166          0          4         36      31900   wm_hostspi.o
       868         28          0          0          0       5149   wm_io.o
        56          6          0          0          0       1598   wm_irq.o
       302         40          0         32          0       5315   wm_pmu.o
        20          4          0          4          0       1237   wm_pwm.o
        58         10          0          8          0       3073   wm_rtc.o
       602         40          0          1         48       9019   wm_timer.o

    ----------------------------------------------------------------------
     26556       4344     171624        136       6812     367307   Object Totals
         0          0         32          0          0          0   (incl. Generated)
        42          0          0         11          0          0   (incl. Padding)

    ----------------------------------------------------------------------

      Code (inc. data)   RO Data    RW Data    ZI Data      Debug   Library Member Name

         0          0          0          0          0          0   entry.o
         0          0          0          0          0          0   entry10a.o
         0          0          0          0          0          0   entry11a.o
         8          4          0          0          0          0   entry2.o
         4          0          0          0          0          0   entry5.o
         0          0          0          0          0          0   entry7b.o
         0          0          0          0          0          0   entry8b.o
         8          4          0          0          0          0   entry9a.o
        30          0          0          0          0          0   handlers.o
        36          8          0          0          0         68   init.o
         0          0          0          0          0          0   iusefp.o
        30          0          0          0          0         68   llshl.o
        36          0          0          0          0         68   llsshr.o
        32          0          0          0          0         68   llushr.o
        36          0          0          0          0         68   memcpya.o
        36          0          0          0          0        108   memseta.o
      1204         60          0          0          0        504   printf8.o
        98          0          0          0          0         92   uldiv.o
        20          0          0          0          0         68   cfcmple.o
        20          0          0          0          0         68   cfrcmple.o
        56          0          0          0          0         88   d2f.o
       334          0          0          0          0        148   dadd.o
       222          0          0          0          0        100   ddiv.o
       186          0          0          0          0        176   depilogue.o
        62          0          0          0          0         80   dfixi.o
        34          0          0          0          0         76   dflti.o
       228          0          0          0          0         96   dmul.o
        38          0          0          0          0         68   f2d.o
       176          0          0          0          0        140   fadd.o
       124          0          0          0          0         88   fdiv.o
       110          0          0          0          0        168   fepilogue.o
        40          0          0          0          0         68   ffixui.o
        18          0          0          0          0         68   fflti.o
       100          0          0          0          0         76   fmul.o

    ----------------------------------------------------------------------
      3328         76          0          0          0       2620   Library Totals
         2          0          0          0          0          0   (incl. Padding)

    ----------------------------------------------------------------------

      Code (inc. data)   RO Data    RW Data    ZI Data      Debug   Library Name

      1558         76          0          0          0       1044   mc_w.l
      1768          0          0          0          0       1576   mf_w.l

    ----------------------------------------------------------------------
      3328         76          0          0          0       2620   Library Totals

    ----------------------------------------------------------------------

==============================================================================


      Code (inc. data)   RO Data    RW Data    ZI Data      Debug   

     29884       4420     171624        136       6812     355831   Grand Totals
     29884       4420     171624        136       6812     355831   ELF Image Totals
     29884       4420     171624        136          0          0   ROM Totals

==============================================================================

    Total RO  Size (Code + RO Data)               201508 ( 196.79kB)
    Total RW  Size (RW Data + ZI Data)              6948 (   6.79kB)
    Total ROM Size (Code + RO Data + RW Data)     201644 ( 196.92kB)

==============================================================================

