<html>
<body>
<pre>
<h1>礦ision Build Log</h1>
<h2>Tool Versions:</h2>
IDE-Version: μVision V5.26.2.0
Copyright (C) 2018 ARM Ltd and ARM Germany GmbH. All rights reserved.
License Information: * **, ***, LIC=PE7DL-0CVLA-01QP1-CPS65-05QIX-QDTUS
 
Tool Versions:
Toolchain:       MDK-ARM Plus  Version: 5.26.2.0
Toolchain Path:  E:\Keil_v5\ARM\ARMCC\Bin
C Compiler:      Armcc.exe V5.06 update 6 (build 750)
Assembler:       Armasm.exe V5.06 update 6 (build 750)
Linker/Locator:  ArmLink.exe V5.06 update 6 (build 750)
Library Manager: ArmAr.exe V5.06 update 6 (build 750)
Hex Converter:   FromElf.exe V5.06 update 6 (build 750)
CPU DLL:         SARMCM3.DLL V5.26.2.0
Dialog DLL:      DCM.DLL V1.17.2.0
Target DLL:      CMSIS_AGDI.dll V1.30.6.0
Dialog DLL:      TCM.DLL V1.36.1.0
 
<h2>Project:</h2>
C:\Users\lenovo\Desktop\乱七八糟\KS518\机智云IoT温湿度\USER\ATK_AHT10.uvprojx
Project File Date:  05/27/2020

<h2>Output:</h2>
*** Using Compiler 'V5.06 update 6 (build 750)', folder: 'E:\Keil_v5\ARM\ARMCC\Bin'
Build target 'KS2020'
compiling gizwits_product.c...
linking...
Program Size: Code=29884 RO-data=171624 RW-data=136 ZI-data=6812  
FromELF: creating hex file...
After Build - User command #1: fromelf.exe --bin -o "..\OBJ\test.bin" "..\OBJ\test.axf"
After Build - User command #2: makeimg.bat
已复制         1 个文件。
已复制         1 个文件。
secboot_len:4948, app_imglen:313e4, total:3f3e4
"..\OBJ\test.axf" - 0 Error(s), 0 Warning(s).

<h2>Software Packages used:</h2>

Package Vendor: ARM
                http://www.keil.com/pack/ARM.CMSIS.5.4.0.pack
                ARM.CMSIS.5.4.0
                CMSIS (Cortex Microcontroller Software Interface Standard)

<h2>Collection of Component include folders:</h2>
  .\RTE\_KS2020
  E:\Keil_v5\ARM\PACK\ARM\CMSIS\5.4.0\Device\ARM\ARMCM3\Include

<h2>Collection of Component Files used:</h2>
Build Time Elapsed:  00:00:04
</pre>
</body>
</html>
